Archive member included to satisfy reference by file (symbol)

../Middlewares/ST/AI/Lib\NetworkRuntime810_CM4_GCC.a(ai_datatypes_internal.o)
                              ./Src/aiValidation.o (get_tensor_size)
../Middlewares/ST/AI/Lib\NetworkRuntime810_CM4_GCC.a(ai_platform.o)
                              ./Src/aiTestHelper.o (ai_buffer_get_size)
../Middlewares/ST/AI/Lib\NetworkRuntime810_CM4_GCC.a(ai_platform_interface.o)
                              ./Src/network.o (ai_platform_get_weights_map)
../Middlewares/ST/AI/Lib\NetworkRuntime810_CM4_GCC.a(core_common.o)
                              ../Middlewares/ST/AI/Lib\NetworkRuntime810_CM4_GCC.a(ai_platform_interface.o) (core_init)
../Middlewares/ST/AI/Lib\NetworkRuntime810_CM4_GCC.a(core_mem_manager.o)
                              ../Middlewares/ST/AI/Lib\NetworkRuntime810_CM4_GCC.a(ai_platform_interface.o) (core_mem_alloc)
../Middlewares/ST/AI/Lib\NetworkRuntime810_CM4_GCC.a(layers.o)
                              ../Middlewares/ST/AI/Lib\NetworkRuntime810_CM4_GCC.a(ai_platform_interface.o) (ai_check_custom_types)
../Middlewares/ST/AI/Lib\NetworkRuntime810_CM4_GCC.a(layers_conv2d_sssa8_ch.o)
                              ./Src/network.o (forward_conv2d_sssa8_ch)
../Middlewares/ST/AI/Lib\NetworkRuntime810_CM4_GCC.a(layers_conv2d_stm32_integer.o)
                              ../Middlewares/ST/AI/Lib\NetworkRuntime810_CM4_GCC.a(layers.o) (get_conv2d_scratch_size)
../Middlewares/ST/AI/Lib\NetworkRuntime810_CM4_GCC.a(forward_lite_conv2d_sssa8_ch.o)
                              ../Middlewares/ST/AI/Lib\NetworkRuntime810_CM4_GCC.a(layers_conv2d_sssa8_ch.o) (forward_lite_conv2d_dilated_sssa8_ch)
../Middlewares/ST/AI/Lib\NetworkRuntime810_CM4_GCC.a(st_convolve_reference.o)
                              ../Middlewares/ST/AI/Lib\NetworkRuntime810_CM4_GCC.a(layers_conv2d_stm32_integer.o) (align_factor)
../Middlewares/ST/AI/Lib\NetworkRuntime810_CM4_GCC.a(st_sssa8_ch_convolve.o)
                              ../Middlewares/ST/AI/Lib\NetworkRuntime810_CM4_GCC.a(layers_conv2d_stm32_integer.o) (st_sssa8_ch_convolve_rank1upd)
../Middlewares/ST/AI/Lib\NetworkRuntime810_CM4_GCC.a(st_sssa8_convolve.o)
                              ../Middlewares/ST/AI/Lib\NetworkRuntime810_CM4_GCC.a(layers_conv2d_stm32_integer.o) (st_sssa8_convolve_rank1upd)
../Middlewares/ST/AI/Lib\NetworkRuntime810_CM4_GCC.a(st_sssa8_convolve_1x1.o)
                              ../Middlewares/ST/AI/Lib\NetworkRuntime810_CM4_GCC.a(layers_conv2d_stm32_integer.o) (st_sssa8_convolve_1x1_WeightsPrefetch)
../Middlewares/ST/AI/Lib\NetworkRuntime810_CM4_GCC.a(st_sssa8_convolve_dw.o)
                              ../Middlewares/ST/AI/Lib\NetworkRuntime810_CM4_GCC.a(layers_conv2d_stm32_integer.o) (st_sssa8_conv_dw_Wadapt)
../Middlewares/ST/AI/Lib\NetworkRuntime810_CM4_GCC.a(st_sssa8_convolve_rgb.o)
                              ../Middlewares/ST/AI/Lib\NetworkRuntime810_CM4_GCC.a(layers_conv2d_stm32_integer.o) (st_sssa8_convolve_rgb)
../Middlewares/ST/AI/Lib\NetworkRuntime810_CM4_GCC.a(st_ssua8_ch_convolve.o)
                              ../Middlewares/ST/AI/Lib\NetworkRuntime810_CM4_GCC.a(layers_conv2d_stm32_integer.o) (st_ssua8_ch_convolve_rank1upd)
../Middlewares/ST/AI/Lib\NetworkRuntime810_CM4_GCC.a(st_ssua8_ch_convolve_1x1.o)
                              ../Middlewares/ST/AI/Lib\NetworkRuntime810_CM4_GCC.a(layers_conv2d_stm32_integer.o) (st_ssua8_ch_convolve_1x1)
../Middlewares/ST/AI/Lib\NetworkRuntime810_CM4_GCC.a(st_ssua8_ch_convolve_dw.o)
                              ../Middlewares/ST/AI/Lib\NetworkRuntime810_CM4_GCC.a(layers_conv2d_stm32_integer.o) (st_ssua8_ch_conv_dw_Wadapt)
../Middlewares/ST/AI/Lib\NetworkRuntime810_CM4_GCC.a(st_ssua8_ch_convolve_rgb.o)
                              ../Middlewares/ST/AI/Lib\NetworkRuntime810_CM4_GCC.a(layers_conv2d_stm32_integer.o) (st_ssua8_ch_convolve_rgb)
../Middlewares/ST/AI/Lib\NetworkRuntime810_CM4_GCC.a(st_ssua8_convolve.o)
                              ../Middlewares/ST/AI/Lib\NetworkRuntime810_CM4_GCC.a(layers_conv2d_stm32_integer.o) (st_ssua8_convolve_rank1upd)
../Middlewares/ST/AI/Lib\NetworkRuntime810_CM4_GCC.a(st_ssua8_convolve_1x1.o)
                              ../Middlewares/ST/AI/Lib\NetworkRuntime810_CM4_GCC.a(layers_conv2d_stm32_integer.o) (st_ssua8_convolve_1x1)
../Middlewares/ST/AI/Lib\NetworkRuntime810_CM4_GCC.a(st_ssua8_convolve_dw.o)
                              ../Middlewares/ST/AI/Lib\NetworkRuntime810_CM4_GCC.a(layers_conv2d_stm32_integer.o) (st_ssua8_conv_dw_Wadapt)
../Middlewares/ST/AI/Lib\NetworkRuntime810_CM4_GCC.a(st_ssua8_convolve_rgb.o)
                              ../Middlewares/ST/AI/Lib\NetworkRuntime810_CM4_GCC.a(layers_conv2d_stm32_integer.o) (st_ssua8_convolve_rgb)
../Middlewares/ST/AI/Lib\NetworkRuntime810_CM4_GCC.a(st_uaua8_ch_convolve.o)
                              ../Middlewares/ST/AI/Lib\NetworkRuntime810_CM4_GCC.a(layers_conv2d_stm32_integer.o) (st_uaua8_ch_convolve_rank1upd)
[...]
Memory Configuration

Name             Origin             Length             Attributes
CCMRAM           0x0000000010000000 0x0000000000001000 xrw
RAM              0x0000000020000000 0x0000000000003000 xrw
FLASH            0x0000000008000000 0x0000000000010000 xr
*default*        0x0000000000000000 0xffffffffffffffff

Linker script and memory map

LOAD C:/ST/STM32CubeIDE_1.13.2/STM32CubeIDE/plugins/com.st.stm32cube.ide.mcu.externaltools.gnu-tools-for-stm32.11.3.rel1.win32_1.1.1.202309131626/tools/bin/../lib/gcc/arm-none-eabi/11.3.1/thumb/v7e-m+fp/hard/crti.o
LOAD C:/ST/STM32CubeIDE_1.13.2/STM32CubeIDE/plugins/com.st.stm32cube.ide.mcu.externaltools.gnu-tools-for-stm32.11.3.rel1.win32_1.1.1.202309131626/tools/bin/../lib/gcc/arm-none-eabi/11.3.1/thumb/v7e-m+fp/hard/crtbegin.o
LOAD C:/ST/STM32CubeIDE_1.13.2/STM32CubeIDE/plugins/com.st.stm32cube.ide.mcu.externaltools.gnu-tools-for-stm32.11.3.rel1.win32_1.1.1.202309131626/tools/bin/../lib/gcc/arm-none-eabi/11.3.1/../../../../arm-none-eabi/lib/thumb/v7e-m+fp/hard/crt0.o
LOAD ./Drivers/STM32F3xx_HAL_Driver/Src/stm32f3xx_hal.o
LOAD ./Drivers/STM32F3xx_HAL_Driver/Src/stm32f3xx_hal_cortex.o
LOAD ./Drivers/STM32F3xx_HAL_Driver/Src/stm32f3xx_hal_crc.o
LOAD ./Drivers/STM32F3xx_HAL_Driver/Src/stm32f3xx_hal_crc_ex.o
LOAD ./Drivers/STM32F3xx_HAL_Driver/Src/stm32f3xx_hal_dma.o
LOAD ./Drivers/STM32F3xx_HAL_Driver/Src/stm32f3xx_hal_exti.o
LOAD ./Drivers/STM32F3xx_HAL_Driver/Src/stm32f3xx_hal_flash.o
LOAD ./Drivers/STM32F3xx_HAL_Driver/Src/stm32f3xx_hal_flash_ex.o
LOAD ./Drivers/STM32F3xx_HAL_Driver/Src/stm32f3xx_hal_gpio.o
LOAD ./Drivers/STM32F3xx_HAL_Driver/Src/stm32f3xx_hal_i2c.o
LOAD ./Drivers/STM32F3xx_HAL_Driver/Src/stm32f3xx_hal_i2c_ex.o
LOAD ./Drivers/STM32F3xx_HAL_Driver/Src/stm32f3xx_hal_pwr.o
LOAD ./Drivers/STM32F3xx_HAL_Driver/Src/stm32f3xx_hal_pwr_ex.o
LOAD ./Drivers/STM32F3xx_HAL_Driver/Src/stm32f3xx_hal_rcc.o
LOAD ./Drivers/STM32F3xx_HAL_Driver/Src/stm32f3xx_hal_rcc_ex.o
LOAD ./Drivers/STM32F3xx_HAL_Driver/Src/stm32f3xx_hal_tim.o
LOAD ./Drivers/STM32F3xx_HAL_Driver/Src/stm32f3xx_hal_tim_ex.o
LOAD ./Drivers/STM32F3xx_HAL_Driver/Src/stm32f3xx_hal_uart.o
LOAD ./Drivers/STM32F3xx_HAL_Driver/Src/stm32f3xx_hal_uart_ex.o
LOAD ./Src/aiPbIO.o
LOAD ./Src/aiPbMemRWServices.o
LOAD ./Src/aiPbMgr.o
LOAD ./Src/aiTestHelper.o
LOAD ./Src/aiTestUtility.o
LOAD ./Src/aiValidation.o
LOAD ./Src/ai_device_adaptor.o
LOAD ./Src/app_x-cube-ai.o
LOAD ./Src/lc_print.o
LOAD ./Src/main.o
LOAD ./Src/network.o
LOAD ./Src/network_data.o
LOAD ./Src/network_data_params.o
LOAD ./Src/pb_common.o
LOAD ./Src/pb_decode.o
LOAD ./Src/pb_encode.o
LOAD ./Src/stm32f3xx_hal_msp.o
LOAD ./Src/stm32f3xx_it.o
LOAD ./Src/stm32msg.pb.o
LOAD ./Src/syscalls.o
LOAD ./Src/sysmem.o
LOAD ./Src/system_stm32f3xx.o
LOAD ./Startup/startup_stm32f303k8tx.o
LOAD ../Middlewares/ST/AI/Lib\NetworkRuntime810_CM4_GCC.a
START GROUP
LOAD C:/ST/STM32CubeIDE_1.13.2/STM32CubeIDE/plugins/com.st.stm32cube.ide.mcu.externaltools.gnu-tools-for-stm32.11.3.rel1.win32_1.1.1.202309131626/tools/bin/../lib/gcc/arm-none-eabi/11.3.1/../../../../arm-none-eabi/lib/thumb/v7e-m+fp/hard\libc_nano.a
LOAD C:/ST/STM32CubeIDE_1.13.2/STM32CubeIDE/plugins/com.st.stm32cube.ide.mcu.externaltools.gnu-tools-for-stm32.11.3.rel1.win32_1.1.1.202309131626/tools/bin/../lib/gcc/arm-none-eabi/11.3.1/../../../../arm-none-eabi/lib/thumb/v7e-m+fp/hard\libm.a
END GROUP
START GROUP
LOAD C:/ST/STM32CubeIDE_1.13.2/STM32CubeIDE/plugins/com.st.stm32cube.ide.mcu.externaltools.gnu-tools-for-stm32.11.3.rel1.win32_1.1.1.202309131626/tools/bin/../lib/gcc/arm-none-eabi/11.3.1/thumb/v7e-m+fp/hard\libgcc.a
LOAD C:/ST/STM32CubeIDE_1.13.2/STM32CubeIDE/plugins/com.st.stm32cube.ide.mcu.externaltools.gnu-tools-for-stm32.11.3.rel1.win32_1.1.1.202309131626/tools/bin/../lib/gcc/arm-none-eabi/11.3.1/../../../../arm-none-eabi/lib/thumb/v7e-m+fp/hard\libc_nano.a
END GROUP
START GROUP
LOAD C:/ST/STM32CubeIDE_1.13.2/STM32CubeIDE/plugins/com.st.stm32cube.ide.mcu.externaltools.gnu-tools-for-stm32.11.3.rel1.win32_1.1.1.202309131626/tools/bin/../lib/gcc/arm-none-eabi/11.3.1/thumb/v7e-m+fp/hard\libgcc.a
LOAD C:/ST/STM32CubeIDE_1.13.2/STM32CubeIDE/plugins/com.st.stm32cube.ide.mcu.externaltools.gnu-tools-for-stm32.11.3.rel1.win32_1.1.1.202309131626/tools/bin/../lib/gcc/arm-none-eabi/11.3.1/../../../../arm-none-eabi/lib/thumb/v7e-m+fp/hard\libc_nano.a
LOAD C:/ST/STM32CubeIDE_1.13.2/STM32CubeIDE/plugins/com.st.stm32cube.ide.mcu.externaltools.gnu-tools-for-stm32.11.3.rel1.win32_1.1.1.202309131626/tools/bin/../lib/gcc/arm-none-eabi/11.3.1/../../../../arm-none-eabi/lib/thumb/v7e-m+fp/hard\libnosys.a
END GROUP
START GROUP
LOAD C:/ST/STM32CubeIDE_1.13.2/STM32CubeIDE/plugins/com.st.stm32cube.ide.mcu.externaltools.gnu-tools-for-stm32.11.3.rel1.win32_1.1.1.202309131626/tools/bin/../lib/gcc/arm-none-eabi/11.3.1/thumb/v7e-m+fp/hard\libgcc.a
LOAD C:/ST/STM32CubeIDE_1.13.2/STM32CubeIDE/plugins/com.st.stm32cube.ide.mcu.externaltools.gnu-tools-for-stm32.11.3.rel1.win32_1.1.1.202309131626/tools/bin/../lib/gcc/arm-none-eabi/11.3.1/../../../../arm-none-eabi/lib/thumb/v7e-m+fp/hard\libc_nano.a
LOAD C:/ST/STM32CubeIDE_1.13.2/STM32CubeIDE/plugins/com.st.stm32cube.ide.mcu.externaltools.gnu-tools-for-stm32.11.3.rel1.win32_1.1.1.202309131626/tools/bin/../lib/gcc/arm-none-eabi/11.3.1/../../../../arm-none-eabi/lib/thumb/v7e-m+fp/hard\libnosys.a
END GROUP
LOAD C:/ST/STM32CubeIDE_1.13.2/STM32CubeIDE/plugins/com.st.stm32cube.ide.mcu.externaltools.gnu-tools-for-stm32.11.3.rel1.win32_1.1.1.202309131626/tools/bin/../lib/gcc/arm-none-eabi/11.3.1/thumb/v7e-m+fp/hard/crtend.o
LOAD C:/ST/STM32CubeIDE_1.13.2/STM32CubeIDE/plugins/com.st.stm32cube.ide.mcu.externaltools.gnu-tools-for-stm32.11.3.rel1.win32_1.1.1.202309131626/tools/bin/../lib/gcc/arm-none-eabi/11.3.1/thumb/v7e-m+fp/hard/crtn.o
                0x0000000020003000                _estack = (ORIGIN (RAM) + LENGTH (RAM))
                0x0000000000000100                _Min_Heap_Size = 0x100
                0x0000000000000500                _Min_Stack_Size = 0x500

.isr_vector     0x0000000008000000      0x188
                0x0000000008000000                . = ALIGN (0x4)
 *(.isr_vector)
 .isr_vector    0x0000000008000000      0x188 ./Startup/startup_stm32f303k8tx.o
                0x0000000008000000                g_pfnVectors
                0x0000000008000188                . = ALIGN (0x4)

.text           0x0000000008000190     0xc9d0
                0x0000000008000190                . = ALIGN (0x4)
 *(.text)
 .text          0x0000000008000190       0x40 C:/ST/STM32CubeIDE_1.13.2/STM32CubeIDE/plugins/com.st.stm32cube.ide.mcu.externaltools.gnu-tools-for-stm32.11.3.rel1.win32_1.1.1.202309131626/tools/bin/../lib/gcc/arm-none-eabi/11.3.1/thumb/v7e-m+fp/hard/crtbegin.o
 .text          0x00000000080001d0       0xa0 C:/ST/STM32CubeIDE_1.13.2/STM32CubeIDE/plugins/com.st.stm32cube.ide.mcu.externaltools.gnu-tools-for-stm32.11.3.rel1.win32_1.1.1.202309131626/tools/bin/../lib/gcc/arm-none-eabi/11.3.1/../../../../arm-none-eabi/lib/thumb/v7e-m+fp/hard\libc_nano.a(libc_a-memchr.o)
                0x00000000080001d0                memchr
 .text          0x0000000008000270       0x10 C:/ST/STM32CubeIDE_1.13.2/STM32CubeIDE/plugins/com.st.stm32cube.ide.mcu.externaltools.gnu-tools-for-stm32.11.3.rel1.win32_1.1.1.202309131626/tools/bin/../lib/gcc/arm-none-eabi/11.3.1/../../../../arm-none-eabi/lib/thumb/v7e-m+fp/hard\libc_nano.a(libc_a-strlen.o)
                0x0000000008000270                strlen
 .text          0x0000000008000280      0x378 C:/ST/STM32CubeIDE_1.13.2/STM32CubeIDE/plugins/com.st.stm32cube.ide.mcu.externaltools.gnu-tools-for-stm32.11.3.rel1.win32_1.1.1.202309131626/tools/bin/../lib/gcc/arm-none-eabi/11.3.1/thumb/v7e-m+fp/hard\libgcc.a(_arm_addsubdf3.o)
                0x0000000008000280                __aeabi_drsub
                0x0000000008000288                __aeabi_dsub
                0x0000000008000288                __subdf3
                0x000000000800028c                __aeabi_dadd
                0x000000000800028c                __adddf3
                0x0000000008000504                __floatunsidf
                0x0000000008000504                __aeabi_ui2d
                0x0000000008000524                __floatsidf
                0x0000000008000524                __aeabi_i2d
                0x0000000008000548                __aeabi_f2d
                0x0000000008000548                __extendsfdf2
                0x000000000800058c                __floatundidf
                0x000000000800058c                __aeabi_ul2d
                0x000000000800059c                __floatdidf
                0x000000000800059c                __aeabi_l2d
 .text          0x00000000080005f8      0x424 C:/ST/STM32CubeIDE_1.13.2/STM32CubeIDE/plugins/com.st.stm32cube.ide.mcu.externaltools.gnu-tools-for-stm32.11.3.rel1.win32_1.1.1.202309131626/tools/bin/../lib/gcc/arm-none-eabi/11.3.1/thumb/v7e-m+fp/hard\libgcc.a(_arm_muldivdf3.o)
                0x00000000080005f8                __aeabi_dmul
                0x00000000080005f8                __muldf3
                0x000000000800084c                __divdf3
                0x000000000800084c                __aeabi_ddiv
 .text          0x0000000008000a1c      0x110 C:/ST/STM32CubeIDE_1.13.2/STM32CubeIDE/plugins/com.st.stm32cube.ide.mcu.externaltools.gnu-tools-for-stm32.11.3.rel1.win32_1.1.1.202309131626/tools/bin/../lib/gcc/arm-none-eabi/11.3.1/thumb/v7e-m+fp/hard\libgcc.a(_arm_cmpdf2.o)
                0x0000000008000a1c                __gtdf2
                0x0000000008000a1c                __gedf2
                0x0000000008000a24                __ltdf2
                0x0000000008000a24                __ledf2
                0x0000000008000a2c                __nedf2
                0x0000000008000a2c                __eqdf2
                0x0000000008000a2c                __cmpdf2
                0x0000000008000aa8                __aeabi_cdrcmple
                0x0000000008000ab8                __aeabi_cdcmpeq
                0x0000000008000ab8                __aeabi_cdcmple
                0x0000000008000ac8                __aeabi_dcmpeq
                0x0000000008000adc                __aeabi_dcmplt
                0x0000000008000af0                __aeabi_dcmple
                0x0000000008000b04                __aeabi_dcmpge
                0x0000000008000b18                __aeabi_dcmpgt
 .text          0x0000000008000b2c       0x2c C:/ST/STM32CubeIDE_1.13.2/STM32CubeIDE/plugins/com.st.stm32cube.ide.mcu.externaltools.gnu-tools-for-stm32.11.3.rel1.win32_1.1.1.202309131626/tools/bin/../lib/gcc/arm-none-eabi/11.3.1/thumb/v7e-m+fp/hard\libgcc.a(_arm_unorddf2.o)
                0x0000000008000b2c                __unorddf2
                0x0000000008000b2c                __aeabi_dcmpun
 .text          0x0000000008000b58       0x50 C:/ST/STM32CubeIDE_1.13.2/STM32CubeIDE/plugins/com.st.stm32cube.ide.mcu.externaltools.gnu-tools-for-stm32.11.3.rel1.win32_1.1.1.202309131626/tools/bin/../lib/gcc/arm-none-eabi/11.3.1/thumb/v7e-m+fp/hard\libgcc.a(_arm_fixdfsi.o)
                0x0000000008000b58                __aeabi_d2iz
                0x0000000008000b58                __fixdfsi
 .text          0x0000000008000ba8      0x21c C:/ST/STM32CubeIDE_1.13.2/STM32CubeIDE/plugins/com.st.stm32cube.ide.mcu.externaltools.gnu-tools-for-stm32.11.3.rel1.win32_1.1.1.202309131626/tools/bin/../lib/gcc/arm-none-eabi/11.3.1/thumb/v7e-m+fp/hard\libgcc.a(_arm_addsubsf3.o)
                0x0000000008000ba8                __aeabi_frsub
                0x0000000008000bb0                __subsf3
                0x0000000008000bb0                __aeabi_fsub
                0x0000000008000bb4                __aeabi_fadd
                0x0000000008000bb4                __addsf3
                0x0000000008000d14                __aeabi_ui2f
                0x0000000008000d14                __floatunsisf
                0x0000000008000d1c                __aeabi_i2f
                0x0000000008000d1c                __floatsisf
                0x0000000008000d38                __aeabi_ul2f
                0x0000000008000d38                __floatundisf
                0x0000000008000d48                __aeabi_l2f
                0x0000000008000d48                __floatdisf
 .text          0x0000000008000dc4       0x30 C:/ST/STM32CubeIDE_1.13.2/STM32CubeIDE/plugins/com.st.stm32cube.ide.mcu.externaltools.gnu-tools-for-stm32.11.3.rel1.win32_1.1.1.202309131626/tools/bin/../lib/gcc/arm-none-eabi/11.3.1/thumb/v7e-m+fp/hard\libgcc.a(_aeabi_uldivmod.o)
                0x0000000008000dc4                __aeabi_uldivmod
 .text          0x0000000008000df4       0x28 C:/ST/STM32CubeIDE_1.13.2/STM32CubeIDE/plugins/com.st.stm32cube.ide.mcu.externaltools.gnu-tools-for-stm32.11.3.rel1.win32_1.1.1.202309131626/tools/bin/../lib/gcc/arm-none-eabi/11.3.1/thumb/v7e-m+fp/hard\libgcc.a(_fixsfdi.o)
                0x0000000008000df4                __fixsfdi
                0x0000000008000df4                __aeabi_f2lz
 .text          0x0000000008000e1c       0x40 C:/ST/STM32CubeIDE_1.13.2/STM32CubeIDE/plugins/com.st.stm32cube.ide.mcu.externaltools.gnu-tools-for-stm32.11.3.rel1.win32_1.1.1.202309131626/tools/bin/../lib/gcc/arm-none-eabi/11.3.1/thumb/v7e-m+fp/hard\libgcc.a(_fixunssfdi.o)
                0x0000000008000e1c                __fixunssfdi
                0x0000000008000e1c                __aeabi_f2ulz
 .text          0x0000000008000e5c       0x3c C:/ST/STM32CubeIDE_1.13.2/STM32CubeIDE/plugins/com.st.stm32cube.ide.mcu.externaltools.gnu-tools-for-stm32.11.3.rel1.win32_1.1.1.202309131626/tools/bin/../lib/gcc/arm-none-eabi/11.3.1/thumb/v7e-m+fp/hard\libgcc.a(_fixunsdfdi.o)
                0x0000000008000e5c                __fixunsdfdi
                0x0000000008000e5c                __aeabi_d2ulz
 .text          0x0000000008000e98      0x2c8 C:/ST/STM32CubeIDE_1.13.2/STM32CubeIDE/plugins/com.st.stm32cube.ide.mcu.externaltools.gnu-tools-for-stm32.11.3.rel1.win32_1.1.1.202309131626/tools/bin/../lib/gcc/arm-none-eabi/11.3.1/thumb/v7e-m+fp/hard\libgcc.a(_udivmoddi4.o)
                0x0000000008000e98                __udivmoddi4
 .text          0x0000000008001160        0x4 C:/ST/STM32CubeIDE_1.13.2/STM32CubeIDE/plugins/com.st.stm32cube.ide.mcu.externaltools.gnu-tools-for-stm32.11.3.rel1.win32_1.1.1.202309131626/tools/bin/../lib/gcc/arm-none-eabi/11.3.1/thumb/v7e-m+fp/hard\libgcc.a(_dvmd_tls.o)
                0x0000000008001160                __aeabi_idiv0
                0x0000000008001160                __aeabi_ldiv0
 .text          0x0000000008001164       0x40 C:/ST/STM32CubeIDE_1.13.2/STM32CubeIDE/plugins/com.st.stm32cube.ide.mcu.externaltools.gnu-tools-for-stm32.11.3.rel1.win32_1.1.1.202309131626/tools/bin/../lib/gcc/arm-none-eabi/11.3.1/thumb/v7e-m+fp/hard\libgcc.a(_arm_fixunsdfsi.o)
                0x0000000008001164                __aeabi_d2uiz
                0x0000000008001164                __fixunsdfsi
 *(.text*)
 .text.HAL_InitTick
                0x00000000080011a4       0x48 ./Drivers/STM32F3xx_HAL_Driver/Src/stm32f3xx_hal.o
                0x00000000080011a4                HAL_InitTick
 .text.HAL_Init
                0x00000000080011ec       0x24 ./Drivers/STM32F3xx_HAL_Driver/Src/stm32f3xx_hal.o
                0x00000000080011ec                HAL_Init
 .text.HAL_IncTick
                0x0000000008001210       0x18 ./Drivers/STM32F3xx_HAL_Driver/Src/stm32f3xx_hal.o
                0x0000000008001210                HAL_IncTick
 .text.HAL_GetTick
                0x0000000008001228        0xc ./Drivers/STM32F3xx_HAL_Driver/Src/stm32f3xx_hal.o
                0x0000000008001228                HAL_GetTick
 .text.HAL_Delay
                0x0000000008001234       0x28 ./Drivers/STM32F3xx_HAL_Driver/Src/stm32f3xx_hal.o
                0x0000000008001234                HAL_Delay
 .text.HAL_GetHalVersion
                0x000000000800125c        0x8 ./Drivers/STM32F3xx_HAL_Driver/Src/stm32f3xx_hal.o
                0x000000000800125c                HAL_GetHalVersion
 .text.HAL_GetREVID
                0x0000000008001264        0xc ./Drivers/STM32F3xx_HAL_Driver/Src/stm32f3xx_hal.o
                0x0000000008001264                HAL_GetREVID
 .text.HAL_GetDEVID
                0x0000000008001270       0x10 ./Drivers/STM32F3xx_HAL_Driver/Src/stm32f3xx_hal.o
                0x0000000008001270                HAL_GetDEVID
 .text.HAL_NVIC_SetPriorityGrouping
                0x0000000008001280       0x24 ./Drivers/STM32F3xx_HAL_Driver/Src/stm32f3xx_hal_cortex.o
                0x0000000008001280                HAL_NVIC_SetPriorityGrouping
 .text.HAL_NVIC_SetPriority
                0x00000000080012a4       0x64 ./Drivers/STM32F3xx_HAL_Driver/Src/stm32f3xx_hal_cortex.o
                0x00000000080012a4                HAL_NVIC_SetPriority
 .text.HAL_SYSTICK_Config
                0x0000000008001308       0x28 ./Drivers/STM32F3xx_HAL_Driver/Src/stm32f3xx_hal_cortex.o
                0x0000000008001308                HAL_SYSTICK_Config
 .text.HAL_CRC_Init
                0x0000000008001330       0x74 ./Drivers/STM32F3xx_HAL_Driver/Src/stm32f3xx_hal_crc.o
                0x0000000008001330                HAL_CRC_Init
 .text.HAL_CRCEx_Polynomial_Set
                0x00000000080013a4       0x4c ./Drivers/STM32F3xx_HAL_Driver/Src/stm32f3xx_hal_crc_ex.o
                0x00000000080013a4                HAL_CRCEx_Polynomial_Set
 .text.HAL_GPIO_Init
                0x00000000080013f0      0x17c ./Drivers/STM32F3xx_HAL_Driver/Src/stm32f3xx_hal_gpio.o
                0x00000000080013f0                HAL_GPIO_Init
 .text.HAL_RCC_OscConfig
                0x000000000800156c      0x4b8 ./Drivers/STM32F3xx_HAL_Driver/Src/stm32f3xx_hal_rcc.o
                0x000000000800156c                HAL_RCC_OscConfig
 .text.HAL_RCC_GetSysClockFreq
                0x0000000008001a24       0x68 ./Drivers/STM32F3xx_HAL_Driver/Src/stm32f3xx_hal_rcc.o
                0x0000000008001a24                HAL_RCC_GetSysClockFreq
 .text.HAL_RCC_ClockConfig
                0x0000000008001a8c      0x150 ./Drivers/STM32F3xx_HAL_Driver/Src/stm32f3xx_hal_rcc.o
                0x0000000008001a8c                HAL_RCC_ClockConfig
 .text.HAL_RCC_GetHCLKFreq
                0x0000000008001bdc        0xc ./Drivers/STM32F3xx_HAL_Driver/Src/stm32f3xx_hal_rcc.o
                0x0000000008001bdc                HAL_RCC_GetHCLKFreq
 .text.HAL_RCC_GetPCLK1Freq
                0x0000000008001be8       0x30 ./Drivers/STM32F3xx_HAL_Driver/Src/stm32f3xx_hal_rcc.o
                0x0000000008001be8                HAL_RCC_GetPCLK1Freq
 .text.HAL_RCC_GetPCLK2Freq
                0x0000000008001c18       0x30 ./Drivers/STM32F3xx_HAL_Driver/Src/stm32f3xx_hal_rcc.o
                0x0000000008001c18                HAL_RCC_GetPCLK2Freq
 .text.UART_EndRxTransfer
                0x0000000008001c48       0x50 ./Drivers/STM32F3xx_HAL_Driver/Src/stm32f3xx_hal_uart.o
 .text.UART_SetConfig
                0x0000000008001c98      0x130 ./Drivers/STM32F3xx_HAL_Driver/Src/stm32f3xx_hal_uart.o
                0x0000000008001c98                UART_SetConfig
 .text.UART_AdvFeatureConfig
                0x0000000008001dc8       0xa8 ./Drivers/STM32F3xx_HAL_Driver/Src/stm32f3xx_hal_uart.o
                0x0000000008001dc8                UART_AdvFeatureConfig
 .text.UART_WaitOnFlagUntilTimeout
                0x0000000008001e70       0x88 ./Drivers/STM32F3xx_HAL_Driver/Src/stm32f3xx_hal_uart.o
                0x0000000008001e70                UART_WaitOnFlagUntilTimeout
 .text.HAL_UART_Transmit
                0x0000000008001ef8       0xa4 ./Drivers/STM32F3xx_HAL_Driver/Src/stm32f3xx_hal_uart.o
                0x0000000008001ef8                HAL_UART_Transmit
 .text.HAL_UART_Receive
                0x0000000008001f9c       0xda ./Drivers/STM32F3xx_HAL_Driver/Src/stm32f3xx_hal_uart.o
                0x0000000008001f9c                HAL_UART_Receive
 .text.UART_CheckIdleState
                0x0000000008002076       0xb4 ./Drivers/STM32F3xx_HAL_Driver/Src/stm32f3xx_hal_uart.o
                0x0000000008002076                UART_CheckIdleState
 .text.HAL_UART_Init
                0x000000000800212a       0x5c ./Drivers/STM32F3xx_HAL_Driver/Src/stm32f3xx_hal_uart.o
                0x000000000800212a                HAL_UART_Init
 *fill*         0x0000000008002186        0x2 
 .text.write_callback
                0x0000000008002188       0x40 ./Src/aiPbIO.o
 .text.read_callback
                0x00000000080021c8       0x94 ./Src/aiPbIO.o
 .text.pb_io_flush_ostream
                0x000000000800225c       0x20 ./Src/aiPbIO.o
                0x000000000800225c                pb_io_flush_ostream
 .text.pb_io_flush_istream
                0x000000000800227c       0x18 ./Src/aiPbIO.o
                0x000000000800227c                pb_io_flush_istream
 .text.pb_io_ostream
                0x0000000008002294       0x1c ./Src/aiPbIO.o
                0x0000000008002294                pb_io_ostream
 .text.pb_io_istream
                0x00000000080022b0       0x18 ./Src/aiPbIO.o
                0x00000000080022b0                pb_io_istream
 .text.pb_io_stream_init
                0x00000000080022c8        0xa ./Src/aiPbIO.o
                0x00000000080022c8                pb_io_stream_init
 .text.encode_uint32
                0x00000000080022d2       0x56 ./Src/aiPbMgr.o
                0x00000000080022d2                encode_uint32
 .text.encode_data_cb
                0x0000000008002328       0x1e ./Src/aiPbMgr.o
                0x0000000008002328                encode_data_cb
 .text.decode_data_cb
                0x0000000008002346       0x3e ./Src/aiPbMgr.o
 .text.aiPbMgrInit
                0x0000000008002384       0x74 ./Src/aiPbMgr.o
                0x0000000008002384                aiPbMgrInit
 .text.aiPbStrCopy
                0x00000000080023f8       0x4c ./Src/aiPbMgr.o
                0x00000000080023f8                aiPbStrCopy
 .text.encode_tensor_desc
                0x0000000008002444       0x68 ./Src/aiPbMgr.o
                0x0000000008002444                encode_tensor_desc
 .text.aiPbMgrSendResp
                0x00000000080024ac       0x24 ./Src/aiPbMgr.o
                0x00000000080024ac                aiPbMgrSendResp
 .text.aiPbMgrWaitAndProcess
                0x00000000080024d0       0x84 ./Src/aiPbMgr.o
                0x00000000080024d0                aiPbMgrWaitAndProcess
 .text.aiPbMgrSendAck
                0x0000000008002554       0x14 ./Src/aiPbMgr.o
                0x0000000008002554                aiPbMgrSendAck
 .text.aiPbMgrWaitAck
                0x0000000008002568       0x2c ./Src/aiPbMgr.o
                0x0000000008002568                aiPbMgrWaitAck
 .text.aiPbMgrSendLogV2
                0x0000000008002594       0x70 ./Src/aiPbMgr.o
                0x0000000008002594                aiPbMgrSendLogV2
 .text.aiPbMgrReceiveData
                0x0000000008002604       0x34 ./Src/aiPbMgr.o
                0x0000000008002604                aiPbMgrReceiveData
 .text.aiPbMgrSendOperator
                0x0000000008002638       0x6c ./Src/aiPbMgr.o
                0x0000000008002638                aiPbMgrSendOperator
 .text.aiPbCmdSync
                0x00000000080026a4       0x22 ./Src/aiPbMgr.o
                0x00000000080026a4                aiPbCmdSync
 *fill*         0x00000000080026c6        0x2 
 .text.aiPlatformVersion
                0x00000000080026c8       0x2c ./Src/aiTestHelper.o
                0x00000000080026c8                aiPlatformVersion
 .text.aiLogErr
                0x00000000080026f4       0x2c ./Src/aiTestHelper.o
                0x00000000080026f4                aiLogErr
 .text.aiPrintBufferInfo
                0x0000000008002720      0x1f0 ./Src/aiTestHelper.o
                0x0000000008002720                aiPrintBufferInfo
 .text.aiPrintNetworkInfo
                0x0000000008002910      0x170 ./Src/aiTestHelper.o
                0x0000000008002910                aiPrintNetworkInfo
 .text._put_c_buffer_cb
                0x0000000008002a80       0x1c ./Src/aiTestUtility.o
 .text._put_c_driver
                0x0000000008002a9c       0x2c ./Src/aiTestUtility.o
 .text.getSysConf.part.0
                0x0000000008002ac8       0x24 ./Src/aiTestUtility.o
 .text.ioRawWriteBuffer
                0x0000000008002aec       0x1c ./Src/aiTestUtility.o
                0x0000000008002aec                ioRawWriteBuffer
 .text.ioRawReadBuffer
                0x0000000008002b08       0x1c ./Src/aiTestUtility.o
                0x0000000008002b08                ioRawReadBuffer
 .text.ioRawDisableLLWrite
                0x0000000008002b24        0xc ./Src/aiTestUtility.o
                0x0000000008002b24                ioRawDisableLLWrite
 .text._write   0x0000000008002b30       0x40 ./Src/aiTestUtility.o
                0x0000000008002b30                _write
 .text.lc_print
                0x0000000008002b70       0x24 ./Src/aiTestUtility.o
                0x0000000008002b70                lc_print
 .text.lc_vsnprint
                0x0000000008002b94       0x20 ./Src/aiTestUtility.o
                0x0000000008002b94                lc_vsnprint
 .text.__wrap_malloc
                0x0000000008002bb4       0x50 ./Src/aiTestUtility.o
                0x0000000008002bb4                __wrap_malloc
 .text.dwtCyclesToTime
                0x0000000008002c04       0x78 ./Src/aiTestUtility.o
                0x0000000008002c04                dwtCyclesToTime
 .text.dwtCyclesToFloatMs
                0x0000000008002c7c       0x3c ./Src/aiTestUtility.o
                0x0000000008002c7c                dwtCyclesToFloatMs
 .text.getSysConf
                0x0000000008002cb8        0x8 ./Src/aiTestUtility.o
                0x0000000008002cb8                getSysConf
 .text.systemSettingLog
                0x0000000008002cc0       0x9c ./Src/aiTestUtility.o
                0x0000000008002cc0                systemSettingLog
 .text.aiPbCmdSysInfo
                0x0000000008002d5c       0x30 ./Src/aiValidation.o
                0x0000000008002d5c                aiPbCmdSysInfo
 .text.encode_mempool_to_tensor_desc
                0x0000000008002d8c       0x4c ./Src/aiValidation.o
 .text.fill_tensor_desc_msg
                0x0000000008002dd8       0x94 ./Src/aiValidation.o
 .text.encode_ai_buffer_to_tensor_desc
                0x0000000008002e6c       0x22 ./Src/aiValidation.o
 .text._get_buffer_size
                0x0000000008002e8e       0x1a ./Src/aiValidation.o
 .text.cyclesCounterStart
                0x0000000008002ea8       0x20 ./Src/aiValidation.o
 .text.cyclesCounterEnd
                0x0000000008002ec8       0x4c ./Src/aiValidation.o
 .text.aiExecCtx
                0x0000000008002f14       0x50 ./Src/aiValidation.o
 .text.send_ai_io_tensor.isra.0
                0x0000000008002f64       0x74 ./Src/aiValidation.o
 .text.aiOnExecNode_cb
                0x0000000008002fd8      0x19c ./Src/aiValidation.o
 .text.aiPbCmdNNInfo
                0x0000000008003174      0x194 ./Src/aiValidation.o
                0x0000000008003174                aiPbCmdNNInfo
 .text._print_debug
                0x0000000008003308       0x48 ./Src/aiValidation.o
                0x0000000008003308                _print_debug
 .text.aiPbCmdNNRun
                0x0000000008003350      0x2c0 ./Src/aiValidation.o
                0x0000000008003350                aiPbCmdNNRun
 .text.aiValidationInit
                0x0000000008003610       0x90 ./Src/aiValidation.o
                0x0000000008003610                aiValidationInit
 .text.aiValidationProcess
                0x00000000080036a0      0x1fc ./Src/aiValidation.o
                0x00000000080036a0                aiValidationProcess
 .text.port_hal_crc_ip_init_imp
                0x000000000800389c       0x20 ./Src/ai_device_adaptor.o
                0x000000000800389c                port_hal_crc_ip_init_imp
 .text.port_dwt_init_imp
                0x00000000080038bc       0x28 ./Src/ai_device_adaptor.o
                0x00000000080038bc                port_dwt_init_imp
 .text.ai_mnetwork_handle
                0x00000000080038e4       0x1c ./Src/app_x-cube-ai.o
 .text.ai_mnetwork_is_valid.constprop.0
                0x0000000008003900       0x28 ./Src/app_x-cube-ai.o
 .text.MX_X_CUBE_AI_Init
                0x0000000008003928        0xe ./Src/app_x-cube-ai.o
                0x0000000008003928                MX_X_CUBE_AI_Init
 .text.MX_X_CUBE_AI_Process
                0x0000000008003936        0x4 ./Src/app_x-cube-ai.o
                0x0000000008003936                MX_X_CUBE_AI_Process
 *fill*         0x000000000800393a        0x2 
 .text.ai_mnetwork_find
                0x000000000800393c       0x1c ./Src/app_x-cube-ai.o
                0x000000000800393c                ai_mnetwork_find
 .text.ai_mnetwork_create
                0x0000000008003958       0x54 ./Src/app_x-cube-ai.o
                0x0000000008003958                ai_mnetwork_create
 .text.ai_mnetwork_destroy
                0x00000000080039ac       0x30 ./Src/app_x-cube-ai.o
                0x00000000080039ac                ai_mnetwork_destroy
 .text.ai_mnetwork_get_report
                0x00000000080039dc       0x16 ./Src/app_x-cube-ai.o
                0x00000000080039dc                ai_mnetwork_get_report
 .text.ai_mnetwork_get_error
                0x00000000080039f2       0x1a ./Src/app_x-cube-ai.o
                0x00000000080039f2                ai_mnetwork_get_error
 .text.ai_mnetwork_init
                0x0000000008003a0c       0x3e ./Src/app_x-cube-ai.o
                0x0000000008003a0c                ai_mnetwork_init
 .text.ai_mnetwork_run
                0x0000000008003a4a       0x22 ./Src/app_x-cube-ai.o
                0x0000000008003a4a                ai_mnetwork_run
 .text.ai_mnetwork_get_private_handle
                0x0000000008003a6c       0x34 ./Src/app_x-cube-ai.o
                0x0000000008003a6c                ai_mnetwork_get_private_handle
 .text._write_number
                0x0000000008003aa0      0x128 ./Src/lc_print.o
 .text.vlc_print
                0x0000000008003bc8      0x4a8 ./Src/lc_print.o
                0x0000000008003bc8                vlc_print
 .text.SystemClock_Config
                0x0000000008004070       0x5a ./Src/main.o
                0x0000000008004070                SystemClock_Config
 *fill*         0x00000000080040ca        0x2 
 .text.startup.main
                0x00000000080040cc       0x64 ./Src/main.o
                0x00000000080040cc                main
 .text.MX_USART2_UART_Init
                0x0000000008004130       0x3c ./Src/main.o
                0x0000000008004130                MX_USART2_UART_Init
 .text.ai_network_get_report
                0x000000000800416c       0x9c ./Src/network.o
                0x000000000800416c                ai_network_get_report
 .text.ai_network_get_error
                0x0000000008004208        0x4 ./Src/network.o
                0x0000000008004208                ai_network_get_error
 .text.ai_network_create
                0x000000000800420c       0x1c ./Src/network.o
                0x000000000800420c                ai_network_create
 .text.ai_network_destroy
                0x0000000008004228        0x4 ./Src/network.o
                0x0000000008004228                ai_network_destroy
 .text.ai_network_init
                0x000000000800422c      0x144 ./Src/network.o
                0x000000000800422c                ai_network_init
 .text.ai_network_run
                0x0000000008004370        0x4 ./Src/network.o
                0x0000000008004370                ai_network_run
 .text.ai_network_forward
                0x0000000008004374        0x6 ./Src/network.o
                0x0000000008004374                ai_network_forward
 *fill*         0x000000000800437a        0x2 
 .text.ai_network_data_params_get
                0x000000000800437c       0x30 ./Src/network_data.o
                0x000000000800437c                ai_network_data_params_get
 .text.pb_field_iter_begin
                0x00000000080043ac       0x24 ./Src/pb_common.o
                0x00000000080043ac                pb_field_iter_begin
 .text.pb_field_iter_next
                0x00000000080043d0       0x82 ./Src/pb_common.o
                0x00000000080043d0                pb_field_iter_next
 .text.pb_field_iter_find
                0x0000000008004452       0x2e ./Src/pb_common.o
                0x0000000008004452                pb_field_iter_find
 .text.buf_read
                0x0000000008004480       0x1e ./Src/pb_decode.o
 .text.pb_field_set_to_default
                0x000000000800449e       0xb8 ./Src/pb_decode.o
 .text.pb_message_set_to_defaults
                0x0000000008004556       0x22 ./Src/pb_decode.o
 .text.pb_readbyte
                0x0000000008004578       0x40 ./Src/pb_decode.o
 .text.pb_decode_varint32_eof
                0x00000000080045b8       0x9c ./Src/pb_decode.o
 .text.pb_read  0x0000000008004654       0x78 ./Src/pb_decode.o
                0x0000000008004654                pb_read
 .text.pb_decode_varint32
                0x00000000080046cc        0x6 ./Src/pb_decode.o
                0x00000000080046cc                pb_decode_varint32
 *fill*         0x00000000080046d2        0x2 
 .text.pb_dec_fixed_length_bytes
                0x00000000080046d4       0x60 ./Src/pb_decode.o
 .text.pb_dec_string
                0x0000000008004734       0x6c ./Src/pb_decode.o
 .text.pb_dec_bytes
                0x00000000080047a0       0x60 ./Src/pb_decode.o
 .text.pb_decode_varint
                0x0000000008004800       0x6c ./Src/pb_decode.o
                0x0000000008004800                pb_decode_varint
 .text.pb_dec_uvarint
                0x000000000800486c       0x74 ./Src/pb_decode.o
 .text.pb_dec_varint
                0x00000000080048e0       0x6c ./Src/pb_decode.o
 .text.pb_decode_tag
                0x000000000800494c       0x34 ./Src/pb_decode.o
                0x000000000800494c                pb_decode_tag
 .text.pb_skip_field
                0x0000000008004980       0x60 ./Src/pb_decode.o
                0x0000000008004980                pb_skip_field
 .text.pb_make_string_substream
                0x00000000080049e0       0x40 ./Src/pb_decode.o
                0x00000000080049e0                pb_make_string_substream
 .text.pb_close_string_substream
                0x0000000008004a20       0x24 ./Src/pb_decode.o
                0x0000000008004a20                pb_close_string_substream
 .text.decode_field
                0x0000000008004a44      0x200 ./Src/pb_decode.o
 .text.pb_decode_noinit
                0x0000000008004c44      0x218 ./Src/pb_decode.o
                0x0000000008004c44                pb_decode_noinit
 .text.pb_decode
                0x0000000008004e5c       0x20 ./Src/pb_decode.o
                0x0000000008004e5c                pb_decode
 .text.pb_dec_submessage
                0x0000000008004e7c       0x60 ./Src/pb_decode.o
 .text.pb_decode_delimited
                0x0000000008004edc       0x30 ./Src/pb_decode.o
                0x0000000008004edc                pb_decode_delimited
 .text.pb_decode_svarint
                0x0000000008004f0c       0x2a ./Src/pb_decode.o
                0x0000000008004f0c                pb_decode_svarint
 *fill*         0x0000000008004f36        0x2 
 .text.pb_dec_svarint
                0x0000000008004f38       0x70 ./Src/pb_decode.o
 .text.pb_decode_fixed32
                0x0000000008004fa8       0x18 ./Src/pb_decode.o
                0x0000000008004fa8                pb_decode_fixed32
 .text.pb_dec_fixed32
                0x0000000008004fc0        0x6 ./Src/pb_decode.o
 .text.pb_decode_fixed64
                0x0000000008004fc6       0x1a ./Src/pb_decode.o
                0x0000000008004fc6                pb_decode_fixed64
 .text.pb_dec_fixed64
                0x0000000008004fe0        0x6 ./Src/pb_decode.o
 .text.pb_check_proto3_default_value
                0x0000000008004fe6       0x98 ./Src/pb_encode.o
 *fill*         0x000000000800507e        0x2 
 .text.pb_write
                0x0000000008005080       0x48 ./Src/pb_encode.o
                0x0000000008005080                pb_write
 .text.pb_encode_varint
                0x00000000080050c8       0x56 ./Src/pb_encode.o
                0x00000000080050c8                pb_encode_varint
 *fill*         0x000000000800511e        0x2 
 .text.pb_enc_uvarint
                0x0000000008005120       0x40 ./Src/pb_encode.o
 .text.pb_enc_varint
                0x0000000008005160       0x44 ./Src/pb_encode.o
 .text.pb_encode_svarint
                0x00000000080051a4       0x12 ./Src/pb_encode.o
                0x00000000080051a4                pb_encode_svarint
 *fill*         0x00000000080051b6        0x2 
 .text.pb_enc_svarint
                0x00000000080051b8       0x44 ./Src/pb_encode.o
 .text.pb_encode_fixed32
                0x00000000080051fc       0x16 ./Src/pb_encode.o
                0x00000000080051fc                pb_encode_fixed32
 .text.pb_enc_fixed32
                0x0000000008005212        0x6 ./Src/pb_encode.o
 .text.pb_encode_fixed64
                0x0000000008005218       0x2c ./Src/pb_encode.o
                0x0000000008005218                pb_encode_fixed64
 .text.pb_enc_fixed64
                0x0000000008005244        0x6 ./Src/pb_encode.o
 .text.pb_encode_tag
                0x000000000800524a        0xc ./Src/pb_encode.o
                0x000000000800524a                pb_encode_tag
 *fill*         0x0000000008005256        0x2 
 .text.pb_encode_tag_for_field
                0x0000000008005258       0x44 ./Src/pb_encode.o
                0x0000000008005258                pb_encode_tag_for_field
 .text.encode_field
                0x000000000800529c      0x208 ./Src/pb_encode.o
 .text.pb_encode
                0x00000000080054a4       0x68 ./Src/pb_encode.o
                0x00000000080054a4                pb_encode
 .text.pb_encode_string
                0x000000000800550c       0x24 ./Src/pb_encode.o
                0x000000000800550c                pb_encode_string
 .text.pb_enc_fixed_length_bytes
                0x0000000008005530        0xc ./Src/pb_encode.o
 .text.pb_enc_string
                0x000000000800553c       0x2e ./Src/pb_encode.o
 *fill*         0x000000000800556a        0x2 
 .text.pb_enc_bytes
                0x000000000800556c       0x40 ./Src/pb_encode.o
 .text.pb_encode_submessage
                0x00000000080055ac       0x98 ./Src/pb_encode.o
                0x00000000080055ac                pb_encode_submessage
 .text.pb_enc_submessage
                0x0000000008005644       0x20 ./Src/pb_encode.o
 .text.HAL_MspInit
                0x0000000008005664       0x30 ./Src/stm32f3xx_hal_msp.o
                0x0000000008005664                HAL_MspInit
 .text.HAL_CRC_MspInit
                0x0000000008005694       0x28 ./Src/stm32f3xx_hal_msp.o
                0x0000000008005694                HAL_CRC_MspInit
 .text.HAL_UART_MspInit
                0x00000000080056bc       0x64 ./Src/stm32f3xx_hal_msp.o
                0x00000000080056bc                HAL_UART_MspInit
 .text.NMI_Handler
                0x0000000008005720        0x2 ./Src/stm32f3xx_it.o
                0x0000000008005720                NMI_Handler
 .text.HardFault_Handler
                0x0000000008005722        0x2 ./Src/stm32f3xx_it.o
                0x0000000008005722                HardFault_Handler
 .text.MemManage_Handler
                0x0000000008005724        0x2 ./Src/stm32f3xx_it.o
                0x0000000008005724                MemManage_Handler
 .text.BusFault_Handler
                0x0000000008005726        0x2 ./Src/stm32f3xx_it.o
                0x0000000008005726                BusFault_Handler
 .text.UsageFault_Handler
                0x0000000008005728        0x2 ./Src/stm32f3xx_it.o
                0x0000000008005728                UsageFault_Handler
 .text.SVC_Handler
                0x000000000800572a        0x2 ./Src/stm32f3xx_it.o
                0x000000000800572a                SVC_Handler
 .text.DebugMon_Handler
                0x000000000800572c        0x2 ./Src/stm32f3xx_it.o
                0x000000000800572c                DebugMon_Handler
 .text.PendSV_Handler
                0x000000000800572e        0x2 ./Src/stm32f3xx_it.o
                0x000000000800572e                PendSV_Handler
 .text.SysTick_Handler
                0x0000000008005730        0x4 ./Src/stm32f3xx_it.o
                0x0000000008005730                SysTick_Handler
 .text._sbrk    0x0000000008005734       0x40 ./Src/sysmem.o
                0x0000000008005734                _sbrk
 .text.SystemInit
                0x0000000008005774       0x14 ./Src/system_stm32f3xx.o
                0x0000000008005774                SystemInit
 .text.Reset_Handler
                0x0000000008005788       0x50 ./Startup/startup_stm32f303k8tx.o
                0x0000000008005788                Reset_Handler
 .text.Default_Handler
                0x00000000080057d8        0x2 ./Startup/startup_stm32f303k8tx.o
                0x00000000080057d8                RTC_Alarm_IRQHandler
                0x00000000080057d8                TIM1_CC_IRQHandler
                0x00000000080057d8                PVD_IRQHandler
                0x00000000080057d8                TAMP_STAMP_IRQHandler
                0x00000000080057d8                EXTI3_IRQHandler
                0x00000000080057d8                EXTI0_IRQHandler
                0x00000000080057d8                FPU_IRQHandler
                0x00000000080057d8                CAN_TX_IRQHandler
                0x00000000080057d8                TIM1_UP_TIM16_IRQHandler
                0x00000000080057d8                ADC1_2_IRQHandler
                0x00000000080057d8                SPI1_IRQHandler
                0x00000000080057d8                CAN_SCE_IRQHandler
                0x00000000080057d8                DMA1_Channel4_IRQHandler
                0x00000000080057d8                USART3_IRQHandler
                0x00000000080057d8                DMA1_Channel7_IRQHandler
                0x00000000080057d8                TIM7_DAC2_IRQHandler
                0x00000000080057d8                CAN_RX1_IRQHandler
                0x00000000080057d8                I2C1_EV_IRQHandler
                0x00000000080057d8                DMA1_Channel6_IRQHandler
                0x00000000080057d8                TIM3_IRQHandler
                0x00000000080057d8                RCC_IRQHandler
                0x00000000080057d8                DMA1_Channel1_IRQHandler
                0x00000000080057d8                Default_Handler
                0x00000000080057d8                EXTI15_10_IRQHandler
                0x00000000080057d8                COMP2_IRQHandler
                0x00000000080057d8                TIM6_DAC1_IRQHandler
                0x00000000080057d8                EXTI9_5_IRQHandler
                0x00000000080057d8                RTC_WKUP_IRQHandler
                0x00000000080057d8                DMA1_Channel5_IRQHandler
                0x00000000080057d8                EXTI4_IRQHandler
                0x00000000080057d8                TIM1_TRG_COM_TIM17_IRQHandler
                0x00000000080057d8                DMA1_Channel3_IRQHandler
                0x00000000080057d8                WWDG_IRQHandler
                0x00000000080057d8                TIM2_IRQHandler
                0x00000000080057d8                EXTI1_IRQHandler
                0x00000000080057d8                COMP4_6_IRQHandler
                0x00000000080057d8                USART2_IRQHandler
                0x00000000080057d8                DMA1_Channel2_IRQHandler
                0x00000000080057d8                FLASH_IRQHandler
                0x00000000080057d8                USART1_IRQHandler
                0x00000000080057d8                CAN_RX0_IRQHandler
                0x00000000080057d8                I2C1_ER_IRQHandler
                0x00000000080057d8                EXTI2_TSC_IRQHandler
                0x00000000080057d8                TIM1_BRK_TIM15_IRQHandler
 *fill*         0x00000000080057da        0x2 
 .text.ai_version_get
                0x00000000080057dc        0xc ../Middlewares/ST/AI/Lib\NetworkRuntime810_CM4_GCC.a(ai_datatypes_internal.o)
                0x00000000080057dc                ai_version_get
 .text.ai_platform_version_get
                0x00000000080057e8       0x24 ../Middlewares/ST/AI/Lib\NetworkRuntime810_CM4_GCC.a(ai_datatypes_internal.o)
                0x00000000080057e8                ai_platform_version_get
 .text.get_tensor_size
                0x000000000800580c       0x28 ../Middlewares/ST/AI/Lib\NetworkRuntime810_CM4_GCC.a(ai_datatypes_internal.o)
                0x000000000800580c                get_tensor_size
 .text.get_tensor_byte_size
                0x0000000008005834       0x30 ../Middlewares/ST/AI/Lib\NetworkRuntime810_CM4_GCC.a(ai_datatypes_internal.o)
                0x0000000008005834                get_tensor_byte_size
 .text.ai_buffer_get_size
                0x0000000008005864       0x68 ../Middlewares/ST/AI/Lib\NetworkRuntime810_CM4_GCC.a(ai_platform.o)
                0x0000000008005864                ai_buffer_get_size
 .text.ai_buffer_get_byte_size
                0x00000000080058cc       0x10 ../Middlewares/ST/AI/Lib\NetworkRuntime810_CM4_GCC.a(ai_platform.o)
                0x00000000080058cc                ai_buffer_get_byte_size
 .text.ai_buffer_array_sane
                0x00000000080058dc       0x14 ../Middlewares/ST/AI/Lib\NetworkRuntime810_CM4_GCC.a(ai_platform.o)
                0x00000000080058dc                ai_buffer_array_sane
 .text.ai_buffer_array_item_set_address
                0x00000000080058f0       0x20 ../Middlewares/ST/AI/Lib\NetworkRuntime810_CM4_GCC.a(ai_platform.o)
                0x00000000080058f0                ai_buffer_array_item_set_address
 .text._platform_observer_node_exec_cb
                0x0000000008005910      0x118 ../Middlewares/ST/AI/Lib\NetworkRuntime810_CM4_GCC.a(ai_platform_interface.o)
 .text._ai_platform_acquire_crc
                0x0000000008005a28        0x4 ../Middlewares/ST/AI/Lib\NetworkRuntime810_CM4_GCC.a(ai_platform_interface.o)
                0x0000000008005a28                _ai_platform_acquire_crc
 .text._ai_platform_release_crc
                0x0000000008005a2c        0x4 ../Middlewares/ST/AI/Lib\NetworkRuntime810_CM4_GCC.a(ai_platform_interface.o)
                0x0000000008005a2c                _ai_platform_release_crc
 .text.ai_platform_get_weights_map
                0x0000000008005a30       0xa8 ../Middlewares/ST/AI/Lib\NetworkRuntime810_CM4_GCC.a(ai_platform_interface.o)
                0x0000000008005a30                ai_platform_get_weights_map
 .text.ai_platform_get_activations_map
                0x0000000008005ad8       0xa8 ../Middlewares/ST/AI/Lib\NetworkRuntime810_CM4_GCC.a(ai_platform_interface.o)
                0x0000000008005ad8                ai_platform_get_activations_map
 .text.ai_platform_bind_network_params
                0x0000000008005b80       0x44 ../Middlewares/ST/AI/Lib\NetworkRuntime810_CM4_GCC.a(ai_platform_interface.o)
                0x0000000008005b80                ai_platform_bind_network_params
 .text.ai_platform_runtime_get_revision
                0x0000000008005bc4       0x70 ../Middlewares/ST/AI/Lib\NetworkRuntime810_CM4_GCC.a(ai_platform_interface.o)
                0x0000000008005bc4                ai_platform_runtime_get_revision
 .text.ai_platform_runtime_get_version
                0x0000000008005c34       0x98 ../Middlewares/ST/AI/Lib\NetworkRuntime810_CM4_GCC.a(ai_platform_interface.o)
                0x0000000008005c34                ai_platform_runtime_get_version
 .text.ai_platform_api_get_version
                0x0000000008005ccc       0x98 ../Middlewares/ST/AI/Lib\NetworkRuntime810_CM4_GCC.a(ai_platform_interface.o)
                0x0000000008005ccc                ai_platform_api_get_version
 .text.ai_platform_interface_api_get_version
                0x0000000008005d64       0x98 ../Middlewares/ST/AI/Lib\NetworkRuntime810_CM4_GCC.a(ai_platform_interface.o)
                0x0000000008005d64                ai_platform_interface_api_get_version
 .text.ai_platform_context_acquire
                0x0000000008005dfc       0x80 ../Middlewares/ST/AI/Lib\NetworkRuntime810_CM4_GCC.a(ai_platform_interface.o)
                0x0000000008005dfc                ai_platform_context_acquire
 .text.ai_platform_network_get_error
                0x0000000008005e7c       0xdc ../Middlewares/ST/AI/Lib\NetworkRuntime810_CM4_GCC.a(ai_platform_interface.o)
                0x0000000008005e7c                ai_platform_network_get_error
 .text.ai_platform_network_set_error
                0x0000000008005f58        0xc ../Middlewares/ST/AI/Lib\NetworkRuntime810_CM4_GCC.a(ai_platform_interface.o)
                0x0000000008005f58                ai_platform_network_set_error
 .text.ai_platform_api_get_network_report
                0x0000000008005f64      0x57c ../Middlewares/ST/AI/Lib\NetworkRuntime810_CM4_GCC.a(ai_platform_interface.o)
                0x0000000008005f64                ai_platform_api_get_network_report
 .text.ai_platform_network_create
                0x00000000080064e0      0x1ac ../Middlewares/ST/AI/Lib\NetworkRuntime810_CM4_GCC.a(ai_platform_interface.o)
                0x00000000080064e0                ai_platform_network_create
 .text.ai_platform_network_destroy
                0x000000000800668c       0xd8 ../Middlewares/ST/AI/Lib\NetworkRuntime810_CM4_GCC.a(ai_platform_interface.o)
                0x000000000800668c                ai_platform_network_destroy
 .text.ai_platform_network_init
                0x0000000008006764      0x1dc ../Middlewares/ST/AI/Lib\NetworkRuntime810_CM4_GCC.a(ai_platform_interface.o)
                0x0000000008006764                ai_platform_network_init
 .text.ai_platform_network_post_init
                0x0000000008006940      0x110 ../Middlewares/ST/AI/Lib\NetworkRuntime810_CM4_GCC.a(ai_platform_interface.o)
                0x0000000008006940                ai_platform_network_post_init
 .text.ai_platform_network_process
                0x0000000008006a50      0x508 ../Middlewares/ST/AI/Lib\NetworkRuntime810_CM4_GCC.a(ai_platform_interface.o)
                0x0000000008006a50                ai_platform_network_process
 .text.ai_platform_observer_register_s
                0x0000000008006f58      0x12c ../Middlewares/ST/AI/Lib\NetworkRuntime810_CM4_GCC.a(ai_platform_interface.o)
                0x0000000008006f58                ai_platform_observer_register_s
 .text.ai_platform_observer_unregister_s
                0x0000000008007084       0xec ../Middlewares/ST/AI/Lib\NetworkRuntime810_CM4_GCC.a(ai_platform_interface.o)
                0x0000000008007084                ai_platform_observer_unregister_s
 .text.core_init
                0x0000000008007170        0x4 ../Middlewares/ST/AI/Lib\NetworkRuntime810_CM4_GCC.a(core_common.o)
                0x0000000008007170                core_init
 .text.core_get_error
                0x0000000008007174        0xc ../Middlewares/ST/AI/Lib\NetworkRuntime810_CM4_GCC.a(core_common.o)
                0x0000000008007174                core_get_error
 .text.core_set_error
                0x0000000008007180       0x18 ../Middlewares/ST/AI/Lib\NetworkRuntime810_CM4_GCC.a(core_common.o)
                0x0000000008007180                core_set_error
 .text.ai_check_custom_types
                0x0000000008007198       0x54 ../Middlewares/ST/AI/Lib\NetworkRuntime810_CM4_GCC.a(layers.o)
                0x0000000008007198                ai_check_custom_types
 .text.ai_layers_init_all
                0x00000000080071ec       0x1c ../Middlewares/ST/AI/Lib\NetworkRuntime810_CM4_GCC.a(layers.o)
                0x00000000080071ec                ai_layers_init_all
 .text.ai_layers_post_init_all
                0x0000000008007208       0x28 ../Middlewares/ST/AI/Lib\NetworkRuntime810_CM4_GCC.a(layers.o)
                0x0000000008007208                ai_layers_post_init_all
 .text.ai_layers_forward_all
                0x0000000008007230       0x94 ../Middlewares/ST/AI/Lib\NetworkRuntime810_CM4_GCC.a(layers.o)
                0x0000000008007230                ai_layers_forward_all
 .text.ai_layers_destroy_all
                0x00000000080072c4       0x28 ../Middlewares/ST/AI/Lib\NetworkRuntime810_CM4_GCC.a(layers.o)
                0x00000000080072c4                ai_layers_destroy_all
 .text.func_dummy
                0x00000000080072ec        0x4 ../Middlewares/ST/AI/Lib\NetworkRuntime810_CM4_GCC.a(layers_conv2d_sssa8_ch.o)
 .text.forward_conv2d_sssa8_ch
                0x00000000080072f0      0x2ac ../Middlewares/ST/AI/Lib\NetworkRuntime810_CM4_GCC.a(layers_conv2d_sssa8_ch.o)
                0x00000000080072f0                forward_conv2d_sssa8_ch
 .text.forward_dense_integer_SSSA
                0x000000000800759c      0x2f4 ../Middlewares/ST/AI/Lib\NetworkRuntime810_CM4_GCC.a(layers_conv2d_stm32_integer.o)
                0x000000000800759c                forward_dense_integer_SSSA
 .text.forward_lite_conv2d_sssa8_ch
                0x0000000008007890      0xb94 ../Middlewares/ST/AI/Lib\NetworkRuntime810_CM4_GCC.a(forward_lite_conv2d_sssa8_ch.o)
                0x0000000008007890                forward_lite_conv2d_sssa8_ch
 .text.align_factor
                0x0000000008008424       0xa8 ../Middlewares/ST/AI/Lib\NetworkRuntime810_CM4_GCC.a(st_convolve_reference.o)
                0x0000000008008424                align_factor
 .text.align_factor_ch
                0x00000000080084cc       0x60 ../Middlewares/ST/AI/Lib\NetworkRuntime810_CM4_GCC.a(st_convolve_reference.o)
                0x00000000080084cc                align_factor_ch
 .text.st_sssa8_ch_convolve_rank1upd
                0x000000000800852c      0x11c ../Middlewares/ST/AI/Lib\NetworkRuntime810_CM4_GCC.a(st_sssa8_ch_convolve.o)
                0x000000000800852c                st_sssa8_ch_convolve_rank1upd
 .text.st_sssa8_fully_connected
                0x0000000008008648      0x5f4 ../Middlewares/ST/AI/Lib\NetworkRuntime810_CM4_GCC.a(st_sssa8_dense.o)
                0x0000000008008648                st_sssa8_fully_connected
 .text.st_int8_copy
                0x0000000008008c3c      0x10c ../Middlewares/ST/AI/Lib\NetworkRuntime810_CM4_GCC.a(st_int8_fill.o)
                0x0000000008008c3c                st_int8_copy
 .text.st_int8_reordered_no_shift_zero
                0x0000000008008d48       0x6c ../Middlewares/ST/AI/Lib\NetworkRuntime810_CM4_GCC.a(st_int8_reordered_no_shift.o)
                0x0000000008008d48                st_int8_reordered_no_shift_zero
 .text.st_int8_to16_no_shift
                0x0000000008008db4       0xc0 ../Middlewares/ST/AI/Lib\NetworkRuntime810_CM4_GCC.a(st_int8_to16_no_shift.o)
                0x0000000008008db4                st_int8_to16_no_shift
 .text.st_int8_to16_no_shift_interleaved
                0x0000000008008e74       0x84 ../Middlewares/ST/AI/Lib\NetworkRuntime810_CM4_GCC.a(st_int8_to16_no_shift.o)
                0x0000000008008e74                st_int8_to16_no_shift_interleaved
 .text.st_int8_to16_dual
                0x0000000008008ef8      0x1d4 ../Middlewares/ST/AI/Lib\NetworkRuntime810_CM4_GCC.a(st_int8_to16_no_shift.o)
                0x0000000008008ef8                st_int8_to16_dual
 .text.st_int8_to16_dual_interleaved
                0x00000000080090cc      0x170 ../Middlewares/ST/AI/Lib\NetworkRuntime810_CM4_GCC.a(st_int8_to16_no_shift.o)
                0x00000000080090cc                st_int8_to16_dual_interleaved
 .text.ai_padding_opt_init
                0x000000000800923c       0xb0 ../Middlewares/ST/AI/Lib\NetworkRuntime810_CM4_GCC.a(st_padding_opt.o)
                0x000000000800923c                ai_padding_opt_init
 .text.ai_padding_opt_phase1
                0x00000000080092ec       0x34 ../Middlewares/ST/AI/Lib\NetworkRuntime810_CM4_GCC.a(st_padding_opt.o)
                0x00000000080092ec                ai_padding_opt_phase1
 .text.st_sssa8_ch_nn_mat_mult_kernel_opt
                0x0000000008009320      0x7f8 ../Middlewares/ST/AI/Lib\NetworkRuntime810_CM4_GCC.a(st_sssa8_ch_nn_mat_mult_kernel_opt.o)
                0x0000000008009320                st_sssa8_ch_nn_mat_mult_kernel_opt
 .text.st_sssa8_ch_nn_mat_mult_kernel_single_opt
                0x0000000008009b18      0x474 ../Middlewares/ST/AI/Lib\NetworkRuntime810_CM4_GCC.a(st_sssa8_ch_nn_mat_mult_kernel_opt.o)
                0x0000000008009b18                st_sssa8_ch_nn_mat_mult_kernel_single_opt
 .text.arm_fill_q15
                0x0000000008009f8c       0x5c ../Middlewares/ST/AI/Lib\NetworkRuntime810_CM4_GCC.a(arm_fill_q15.o)
                0x0000000008009f8c                arm_fill_q15
 .text.ai_array_to_buffer_fmt
                0x0000000008009fe8       0xd8 ../Middlewares/ST/AI/Lib\NetworkRuntime810_CM4_GCC.a(ai_datatypes_format.o)
                0x0000000008009fe8                ai_array_to_buffer_fmt
 .text.ai_array_get_byte_size
                0x000000000800a0c0       0x50 ../Middlewares/ST/AI/Lib\NetworkRuntime810_CM4_GCC.a(ai_datatypes_format.o)
                0x000000000800a0c0                ai_array_get_byte_size
 .text.ai_array_get_data_byte_size
                0x000000000800a110       0x24 ../Middlewares/ST/AI/Lib\NetworkRuntime810_CM4_GCC.a(ai_datatypes_format.o)
                0x000000000800a110                ai_array_get_data_byte_size
 .text.malloc   0x000000000800a134       0x10 C:/ST/STM32CubeIDE_1.13.2/STM32CubeIDE/plugins/com.st.stm32cube.ide.mcu.externaltools.gnu-tools-for-stm32.11.3.rel1.win32_1.1.1.202309131626/tools/bin/../lib/gcc/arm-none-eabi/11.3.1/../../../../arm-none-eabi/lib/thumb/v7e-m+fp/hard\libc_nano.a(libc_a-malloc.o)
                0x000000000800a134                malloc
 .text.sbrk_aligned
                0x000000000800a144       0x40 C:/ST/STM32CubeIDE_1.13.2/STM32CubeIDE/plugins/com.st.stm32cube.ide.mcu.externaltools.gnu-tools-for-stm32.11.3.rel1.win32_1.1.1.202309131626/tools/bin/../lib/gcc/arm-none-eabi/11.3.1/../../../../arm-none-eabi/lib/thumb/v7e-m+fp/hard\libc_nano.a(libc_a-mallocr.o)
 .text._malloc_r
                0x000000000800a184      0x100 C:/ST/STM32CubeIDE_1.13.2/STM32CubeIDE/plugins/com.st.stm32cube.ide.mcu.externaltools.gnu-tools-for-stm32.11.3.rel1.win32_1.1.1.202309131626/tools/bin/../lib/gcc/arm-none-eabi/11.3.1/../../../../arm-none-eabi/lib/thumb/v7e-m+fp/hard\libc_nano.a(libc_a-mallocr.o)
                0x000000000800a184                _malloc_r
 .text.__malloc_lock
                0x000000000800a284        0xc C:/ST/STM32CubeIDE_1.13.2/STM32CubeIDE/plugins/com.st.stm32cube.ide.mcu.externaltools.gnu-tools-for-stm32.11.3.rel1.win32_1.1.1.202309131626/tools/bin/../lib/gcc/arm-none-eabi/11.3.1/../../../../arm-none-eabi/lib/thumb/v7e-m+fp/hard\libc_nano.a(libc_a-mlock.o)
                0x000000000800a284                __malloc_lock
 .text.__malloc_unlock
                0x000000000800a290        0xc C:/ST/STM32CubeIDE_1.13.2/STM32CubeIDE/plugins/com.st.stm32cube.ide.mcu.externaltools.gnu-tools-for-stm32.11.3.rel1.win32_1.1.1.202309131626/tools/bin/../lib/gcc/arm-none-eabi/11.3.1/../../../../arm-none-eabi/lib/thumb/v7e-m+fp/hard\libc_nano.a(libc_a-mlock.o)
                0x000000000800a290                __malloc_unlock
 .text.__cvt    0x000000000800a29c       0xc4 C:/ST/STM32CubeIDE_1.13.2/STM32CubeIDE/plugins/com.st.stm32cube.ide.mcu.externaltools.gnu-tools-for-stm32.11.3.rel1.win32_1.1.1.202309131626/tools/bin/../lib/gcc/arm-none-eabi/11.3.1/../../../../arm-none-eabi/lib/thumb/v7e-m+fp/hard\libc_nano.a(libc_a-nano-vfprintf_float.o)
                0x000000000800a29c                __cvt
 .text.__exponent
                0x000000000800a360       0x7c C:/ST/STM32CubeIDE_1.13.2/STM32CubeIDE/plugins/com.st.stm32cube.ide.mcu.externaltools.gnu-tools-for-stm32.11.3.rel1.win32_1.1.1.202309131626/tools/bin/../lib/gcc/arm-none-eabi/11.3.1/../../../../arm-none-eabi/lib/thumb/v7e-m+fp/hard\libc_nano.a(libc_a-nano-vfprintf_float.o)
                0x000000000800a360                __exponent
 .text._printf_float
                0x000000000800a3dc      0x46c C:/ST/STM32CubeIDE_1.13.2/STM32CubeIDE/plugins/com.st.stm32cube.ide.mcu.externaltools.gnu-tools-for-stm32.11.3.rel1.win32_1.1.1.202309131626/tools/bin/../lib/gcc/arm-none-eabi/11.3.1/../../../../arm-none-eabi/lib/thumb/v7e-m+fp/hard\libc_nano.a(libc_a-nano-vfprintf_float.o)
                0x000000000800a3dc                _printf_float
 .text._printf_common
                0x000000000800a848       0xda C:/ST/STM32CubeIDE_1.13.2/STM32CubeIDE/plugins/com.st.stm32cube.ide.mcu.externaltools.gnu-tools-for-stm32.11.3.rel1.win32_1.1.1.202309131626/tools/bin/../lib/gcc/arm-none-eabi/11.3.1/../../../../arm-none-eabi/lib/thumb/v7e-m+fp/hard\libc_nano.a(libc_a-nano-vfprintf_i.o)
                0x000000000800a848                _printf_common
 *fill*         0x000000000800a922        0x2 
 .text._printf_i
                0x000000000800a924      0x244 C:/ST/STM32CubeIDE_1.13.2/STM32CubeIDE/plugins/com.st.stm32cube.ide.mcu.externaltools.gnu-tools-for-stm32.11.3.rel1.win32_1.1.1.202309131626/tools/bin/../lib/gcc/arm-none-eabi/11.3.1/../../../../arm-none-eabi/lib/thumb/v7e-m+fp/hard\libc_nano.a(libc_a-nano-vfprintf_i.o)
                0x000000000800a924                _printf_i
 .text.std      0x000000000800ab68       0x6c C:/ST/STM32CubeIDE_1.13.2/STM32CubeIDE/plugins/com.st.stm32cube.ide.mcu.externaltools.gnu-tools-for-stm32.11.3.rel1.win32_1.1.1.202309131626/tools/bin/../lib/gcc/arm-none-eabi/11.3.1/../../../../arm-none-eabi/lib/thumb/v7e-m+fp/hard\libc_nano.a(libc_a-findfp.o)
 .text.stdio_exit_handler
                0x000000000800abd4       0x18 C:/ST/STM32CubeIDE_1.13.2/STM32CubeIDE/plugins/com.st.stm32cube.ide.mcu.externaltools.gnu-tools-for-stm32.11.3.rel1.win32_1.1.1.202309131626/tools/bin/../lib/gcc/arm-none-eabi/11.3.1/../../../../arm-none-eabi/lib/thumb/v7e-m+fp/hard\libc_nano.a(libc_a-findfp.o)
 .text.cleanup_stdio
                0x000000000800abec       0x40 C:/ST/STM32CubeIDE_1.13.2/STM32CubeIDE/plugins/com.st.stm32cube.ide.mcu.externaltools.gnu-tools-for-stm32.11.3.rel1.win32_1.1.1.202309131626/tools/bin/../lib/gcc/arm-none-eabi/11.3.1/../../../../arm-none-eabi/lib/thumb/v7e-m+fp/hard\libc_nano.a(libc_a-findfp.o)
 .text.global_stdio_init.part.0
                0x000000000800ac2c       0x3c C:/ST/STM32CubeIDE_1.13.2/STM32CubeIDE/plugins/com.st.stm32cube.ide.mcu.externaltools.gnu-tools-for-stm32.11.3.rel1.win32_1.1.1.202309131626/tools/bin/../lib/gcc/arm-none-eabi/11.3.1/../../../../arm-none-eabi/lib/thumb/v7e-m+fp/hard\libc_nano.a(libc_a-findfp.o)
 .text.__sfp_lock_acquire
                0x000000000800ac68        0xc C:/ST/STM32CubeIDE_1.13.2/STM32CubeIDE/plugins/com.st.stm32cube.ide.mcu.externaltools.gnu-tools-for-stm32.11.3.rel1.win32_1.1.1.202309131626/tools/bin/../lib/gcc/arm-none-eabi/11.3.1/../../../../arm-none-eabi/lib/thumb/v7e-m+fp/hard\libc_nano.a(libc_a-findfp.o)
                0x000000000800ac68                __sfp_lock_acquire
 .text.__sfp_lock_release
                0x000000000800ac74        0xc C:/ST/STM32CubeIDE_1.13.2/STM32CubeIDE/plugins/com.st.stm32cube.ide.mcu.externaltools.gnu-tools-for-stm32.11.3.rel1.win32_1.1.1.202309131626/tools/bin/../lib/gcc/arm-none-eabi/11.3.1/../../../../arm-none-eabi/lib/thumb/v7e-m+fp/hard\libc_nano.a(libc_a-findfp.o)
                0x000000000800ac74                __sfp_lock_release
 .text.__sinit  0x000000000800ac80       0x30 C:/ST/STM32CubeIDE_1.13.2/STM32CubeIDE/plugins/com.st.stm32cube.ide.mcu.externaltools.gnu-tools-for-stm32.11.3.rel1.win32_1.1.1.202309131626/tools/bin/../lib/gcc/arm-none-eabi/11.3.1/../../../../arm-none-eabi/lib/thumb/v7e-m+fp/hard\libc_nano.a(libc_a-findfp.o)
                0x000000000800ac80                __sinit
 .text._fwalk_sglue
                0x000000000800acb0       0x3c C:/ST/STM32CubeIDE_1.13.2/STM32CubeIDE/plugins/com.st.stm32cube.ide.mcu.externaltools.gnu-tools-for-stm32.11.3.rel1.win32_1.1.1.202309131626/tools/bin/../lib/gcc/arm-none-eabi/11.3.1/../../../../arm-none-eabi/lib/thumb/v7e-m+fp/hard\libc_nano.a(libc_a-fwalk.o)
                0x000000000800acb0                _fwalk_sglue
 .text.__sread  0x000000000800acec       0x22 C:/ST/STM32CubeIDE_1.13.2/STM32CubeIDE/plugins/com.st.stm32cube.ide.mcu.externaltools.gnu-tools-for-stm32.11.3.rel1.win32_1.1.1.202309131626/tools/bin/../lib/gcc/arm-none-eabi/11.3.1/../../../../arm-none-eabi/lib/thumb/v7e-m+fp/hard\libc_nano.a(libc_a-stdio.o)
                0x000000000800acec                __sread
 .text.__swrite
                0x000000000800ad0e       0x38 C:/ST/STM32CubeIDE_1.13.2/STM32CubeIDE/plugins/com.st.stm32cube.ide.mcu.externaltools.gnu-tools-for-stm32.11.3.rel1.win32_1.1.1.202309131626/tools/bin/../lib/gcc/arm-none-eabi/11.3.1/../../../../arm-none-eabi/lib/thumb/v7e-m+fp/hard\libc_nano.a(libc_a-stdio.o)
                0x000000000800ad0e                __swrite
 .text.__sseek  0x000000000800ad46       0x24 C:/ST/STM32CubeIDE_1.13.2/STM32CubeIDE/plugins/com.st.stm32cube.ide.mcu.externaltools.gnu-tools-for-stm32.11.3.rel1.win32_1.1.1.202309131626/tools/bin/../lib/gcc/arm-none-eabi/11.3.1/../../../../arm-none-eabi/lib/thumb/v7e-m+fp/hard\libc_nano.a(libc_a-stdio.o)
                0x000000000800ad46                __sseek
 .text.__sclose
                0x000000000800ad6a        0x8 C:/ST/STM32CubeIDE_1.13.2/STM32CubeIDE/plugins/com.st.stm32cube.ide.mcu.externaltools.gnu-tools-for-stm32.11.3.rel1.win32_1.1.1.202309131626/tools/bin/../lib/gcc/arm-none-eabi/11.3.1/../../../../arm-none-eabi/lib/thumb/v7e-m+fp/hard\libc_nano.a(libc_a-stdio.o)
                0x000000000800ad6a                __sclose
 .text.memset   0x000000000800ad72       0x10 C:/ST/STM32CubeIDE_1.13.2/STM32CubeIDE/plugins/com.st.stm32cube.ide.mcu.externaltools.gnu-tools-for-stm32.11.3.rel1.win32_1.1.1.202309131626/tools/bin/../lib/gcc/arm-none-eabi/11.3.1/../../../../arm-none-eabi/lib/thumb/v7e-m+fp/hard\libc_nano.a(libc_a-memset.o)
                0x000000000800ad72                memset
 .text.strncmp  0x000000000800ad82       0x24 C:/ST/STM32CubeIDE_1.13.2/STM32CubeIDE/plugins/com.st.stm32cube.ide.mcu.externaltools.gnu-tools-for-stm32.11.3.rel1.win32_1.1.1.202309131626/tools/bin/../lib/gcc/arm-none-eabi/11.3.1/../../../../arm-none-eabi/lib/thumb/v7e-m+fp/hard\libc_nano.a(libc_a-strncmp.o)
                0x000000000800ad82                strncmp
 *fill*         0x000000000800ada6        0x2 
 .text._localeconv_r
                0x000000000800ada8        0x8 C:/ST/STM32CubeIDE_1.13.2/STM32CubeIDE/plugins/com.st.stm32cube.ide.mcu.externaltools.gnu-tools-for-stm32.11.3.rel1.win32_1.1.1.202309131626/tools/bin/../lib/gcc/arm-none-eabi/11.3.1/../../../../arm-none-eabi/lib/thumb/v7e-m+fp/hard\libc_nano.a(libc_a-localeconv.o)
                0x000000000800ada8                _localeconv_r
 .text._close_r
                0x000000000800adb0       0x20 C:/ST/STM32CubeIDE_1.13.2/STM32CubeIDE/plugins/com.st.stm32cube.ide.mcu.externaltools.gnu-tools-for-stm32.11.3.rel1.win32_1.1.1.202309131626/tools/bin/../lib/gcc/arm-none-eabi/11.3.1/../../../../arm-none-eabi/lib/thumb/v7e-m+fp/hard\libc_nano.a(libc_a-closer.o)
                0x000000000800adb0                _close_r
 .text._lseek_r
                0x000000000800add0       0x24 C:/ST/STM32CubeIDE_1.13.2/STM32CubeIDE/plugins/com.st.stm32cube.ide.mcu.externaltools.gnu-tools-for-stm32.11.3.rel1.win32_1.1.1.202309131626/tools/bin/../lib/gcc/arm-none-eabi/11.3.1/../../../../arm-none-eabi/lib/thumb/v7e-m+fp/hard\libc_nano.a(libc_a-lseekr.o)
                0x000000000800add0                _lseek_r
 .text._read_r  0x000000000800adf4       0x24 C:/ST/STM32CubeIDE_1.13.2/STM32CubeIDE/plugins/com.st.stm32cube.ide.mcu.externaltools.gnu-tools-for-stm32.11.3.rel1.win32_1.1.1.202309131626/tools/bin/../lib/gcc/arm-none-eabi/11.3.1/../../../../arm-none-eabi/lib/thumb/v7e-m+fp/hard\libc_nano.a(libc_a-readr.o)
                0x000000000800adf4                _read_r
 .text._sbrk_r  0x000000000800ae18       0x20 C:/ST/STM32CubeIDE_1.13.2/STM32CubeIDE/plugins/com.st.stm32cube.ide.mcu.externaltools.gnu-tools-for-stm32.11.3.rel1.win32_1.1.1.202309131626/tools/bin/../lib/gcc/arm-none-eabi/11.3.1/../../../../arm-none-eabi/lib/thumb/v7e-m+fp/hard\libc_nano.a(libc_a-sbrkr.o)
                0x000000000800ae18                _sbrk_r
 .text._write_r
                0x000000000800ae38       0x24 C:/ST/STM32CubeIDE_1.13.2/STM32CubeIDE/plugins/com.st.stm32cube.ide.mcu.externaltools.gnu-tools-for-stm32.11.3.rel1.win32_1.1.1.202309131626/tools/bin/../lib/gcc/arm-none-eabi/11.3.1/../../../../arm-none-eabi/lib/thumb/v7e-m+fp/hard\libc_nano.a(libc_a-writer.o)
                0x000000000800ae38                _write_r
 .text.__errno  0x000000000800ae5c        0xc C:/ST/STM32CubeIDE_1.13.2/STM32CubeIDE/plugins/com.st.stm32cube.ide.mcu.externaltools.gnu-tools-for-stm32.11.3.rel1.win32_1.1.1.202309131626/tools/bin/../lib/gcc/arm-none-eabi/11.3.1/../../../../arm-none-eabi/lib/thumb/v7e-m+fp/hard\libc_nano.a(libc_a-errno.o)
                0x000000000800ae5c                __errno
 .text.__libc_init_array
                0x000000000800ae68       0x48 C:/ST/STM32CubeIDE_1.13.2/STM32CubeIDE/plugins/com.st.stm32cube.ide.mcu.externaltools.gnu-tools-for-stm32.11.3.rel1.win32_1.1.1.202309131626/tools/bin/../lib/gcc/arm-none-eabi/11.3.1/../../../../arm-none-eabi/lib/thumb/v7e-m+fp/hard\libc_nano.a(libc_a-init.o)
                0x000000000800ae68                __libc_init_array
 .text.__retarget_lock_init_recursive
                0x000000000800aeb0        0x2 C:/ST/STM32CubeIDE_1.13.2/STM32CubeIDE/plugins/com.st.stm32cube.ide.mcu.externaltools.gnu-tools-for-stm32.11.3.rel1.win32_1.1.1.202309131626/tools/bin/../lib/gcc/arm-none-eabi/11.3.1/../../../../arm-none-eabi/lib/thumb/v7e-m+fp/hard\libc_nano.a(libc_a-lock.o)
                0x000000000800aeb0                __retarget_lock_init_recursive
 .text.__retarget_lock_acquire_recursive
                0x000000000800aeb2        0x2 C:/ST/STM32CubeIDE_1.13.2/STM32CubeIDE/plugins/com.st.stm32cube.ide.mcu.externaltools.gnu-tools-for-stm32.11.3.rel1.win32_1.1.1.202309131626/tools/bin/../lib/gcc/arm-none-eabi/11.3.1/../../../../arm-none-eabi/lib/thumb/v7e-m+fp/hard\libc_nano.a(libc_a-lock.o)
                0x000000000800aeb2                __retarget_lock_acquire_recursive
 .text.__retarget_lock_release_recursive
                0x000000000800aeb4        0x2 C:/ST/STM32CubeIDE_1.13.2/STM32CubeIDE/plugins/com.st.stm32cube.ide.mcu.externaltools.gnu-tools-for-stm32.11.3.rel1.win32_1.1.1.202309131626/tools/bin/../lib/gcc/arm-none-eabi/11.3.1/../../../../arm-none-eabi/lib/thumb/v7e-m+fp/hard\libc_nano.a(libc_a-lock.o)
                0x000000000800aeb4                __retarget_lock_release_recursive
 .text.memcpy   0x000000000800aeb6       0x1c C:/ST/STM32CubeIDE_1.13.2/STM32CubeIDE/plugins/com.st.stm32cube.ide.mcu.externaltools.gnu-tools-for-stm32.11.3.rel1.win32_1.1.1.202309131626/tools/bin/../lib/gcc/arm-none-eabi/11.3.1/../../../../arm-none-eabi/lib/thumb/v7e-m+fp/hard\libc_nano.a(libc_a-memcpy-stub.o)
                0x000000000800aeb6                memcpy
 .text.quorem   0x000000000800aed2      0x110 C:/ST/STM32CubeIDE_1.13.2/STM32CubeIDE/plugins/com.st.stm32cube.ide.mcu.externaltools.gnu-tools-for-stm32.11.3.rel1.win32_1.1.1.202309131626/tools/bin/../lib/gcc/arm-none-eabi/11.3.1/../../../../arm-none-eabi/lib/thumb/v7e-m+fp/hard\libc_nano.a(libc_a-dtoa.o)
 *fill*         0x000000000800afe2        0x6 
 .text._dtoa_r  0x000000000800afe8      0xbe4 C:/ST/STM32CubeIDE_1.13.2/STM32CubeIDE/plugins/com.st.stm32cube.ide.mcu.externaltools.gnu-tools-for-stm32.11.3.rel1.win32_1.1.1.202309131626/tools/bin/../lib/gcc/arm-none-eabi/11.3.1/../../../../arm-none-eabi/lib/thumb/v7e-m+fp/hard\libc_nano.a(libc_a-dtoa.o)
                0x000000000800afe8                _dtoa_r
 .text._free_r  0x000000000800bbcc       0x98 C:/ST/STM32CubeIDE_1.13.2/STM32CubeIDE/plugins/com.st.stm32cube.ide.mcu.externaltools.gnu-tools-for-stm32.11.3.rel1.win32_1.1.1.202309131626/tools/bin/../lib/gcc/arm-none-eabi/11.3.1/../../../../arm-none-eabi/lib/thumb/v7e-m+fp/hard\libc_nano.a(libc_a-freer.o)
                0x000000000800bbcc                _free_r
 .text._Balloc  0x000000000800bc64       0x80 C:/ST/STM32CubeIDE_1.13.2/STM32CubeIDE/plugins/com.st.stm32cube.ide.mcu.externaltools.gnu-tools-for-stm32.11.3.rel1.win32_1.1.1.202309131626/tools/bin/../lib/gcc/arm-none-eabi/11.3.1/../../../../arm-none-eabi/lib/thumb/v7e-m+fp/hard\libc_nano.a(libc_a-mprec.o)
                0x000000000800bc64                _Balloc
 .text._Bfree   0x000000000800bce4       0x44 C:/ST/STM32CubeIDE_1.13.2/STM32CubeIDE/plugins/com.st.stm32cube.ide.mcu.externaltools.gnu-tools-for-stm32.11.3.rel1.win32_1.1.1.202309131626/tools/bin/../lib/gcc/arm-none-eabi/11.3.1/../../../../arm-none-eabi/lib/thumb/v7e-m+fp/hard\libc_nano.a(libc_a-mprec.o)
                0x000000000800bce4                _Bfree
 .text.__multadd
                0x000000000800bd28       0x8c C:/ST/STM32CubeIDE_1.13.2/STM32CubeIDE/plugins/com.st.stm32cube.ide.mcu.externaltools.gnu-tools-for-stm32.11.3.rel1.win32_1.1.1.202309131626/tools/bin/../lib/gcc/arm-none-eabi/11.3.1/../../../../arm-none-eabi/lib/thumb/v7e-m+fp/hard\libc_nano.a(libc_a-mprec.o)
                0x000000000800bd28                __multadd
 .text.__hi0bits
                0x000000000800bdb4       0x40 C:/ST/STM32CubeIDE_1.13.2/STM32CubeIDE/plugins/com.st.stm32cube.ide.mcu.externaltools.gnu-tools-for-stm32.11.3.rel1.win32_1.1.1.202309131626/tools/bin/../lib/gcc/arm-none-eabi/11.3.1/../../../../arm-none-eabi/lib/thumb/v7e-m+fp/hard\libc_nano.a(libc_a-mprec.o)
                0x000000000800bdb4                __hi0bits
 .text.__lo0bits
                0x000000000800bdf4       0x5a C:/ST/STM32CubeIDE_1.13.2/STM32CubeIDE/plugins/com.st.stm32cube.ide.mcu.externaltools.gnu-tools-for-stm32.11.3.rel1.win32_1.1.1.202309131626/tools/bin/../lib/gcc/arm-none-eabi/11.3.1/../../../../arm-none-eabi/lib/thumb/v7e-m+fp/hard\libc_nano.a(libc_a-mprec.o)
                0x000000000800bdf4                __lo0bits
 *fill*         0x000000000800be4e        0x2 
 .text.__i2b    0x000000000800be50       0x2c C:/ST/STM32CubeIDE_1.13.2/STM32CubeIDE/plugins/com.st.stm32cube.ide.mcu.externaltools.gnu-tools-for-stm32.11.3.rel1.win32_1.1.1.202309131626/tools/bin/../lib/gcc/arm-none-eabi/11.3.1/../../../../arm-none-eabi/lib/thumb/v7e-m+fp/hard\libc_nano.a(libc_a-mprec.o)
                0x000000000800be50                __i2b
 .text.__multiply
                0x000000000800be7c      0x154 C:/ST/STM32CubeIDE_1.13.2/STM32CubeIDE/plugins/com.st.stm32cube.ide.mcu.externaltools.gnu-tools-for-stm32.11.3.rel1.win32_1.1.1.202309131626/tools/bin/../lib/gcc/arm-none-eabi/11.3.1/../../../../arm-none-eabi/lib/thumb/v7e-m+fp/hard\libc_nano.a(libc_a-mprec.o)
                0x000000000800be7c                __multiply
 .text.__pow5mult
                0x000000000800bfd0       0xb4 C:/ST/STM32CubeIDE_1.13.2/STM32CubeIDE/plugins/com.st.stm32cube.ide.mcu.externaltools.gnu-tools-for-stm32.11.3.rel1.win32_1.1.1.202309131626/tools/bin/../lib/gcc/arm-none-eabi/11.3.1/../../../../arm-none-eabi/lib/thumb/v7e-m+fp/hard\libc_nano.a(libc_a-mprec.o)
                0x000000000800bfd0                __pow5mult
 .text.__lshift
                0x000000000800c084       0xd8 C:/ST/STM32CubeIDE_1.13.2/STM32CubeIDE/plugins/com.st.stm32cube.ide.mcu.externaltools.gnu-tools-for-stm32.11.3.rel1.win32_1.1.1.202309131626/tools/bin/../lib/gcc/arm-none-eabi/11.3.1/../../../../arm-none-eabi/lib/thumb/v7e-m+fp/hard\libc_nano.a(libc_a-mprec.o)
                0x000000000800c084                __lshift
 .text.__mcmp   0x000000000800c15c       0x38 C:/ST/STM32CubeIDE_1.13.2/STM32CubeIDE/plugins/com.st.stm32cube.ide.mcu.externaltools.gnu-tools-for-stm32.11.3.rel1.win32_1.1.1.202309131626/tools/bin/../lib/gcc/arm-none-eabi/11.3.1/../../../../arm-none-eabi/lib/thumb/v7e-m+fp/hard\libc_nano.a(libc_a-mprec.o)
                0x000000000800c15c                __mcmp
 .text.__mdiff  0x000000000800c194      0x114 C:/ST/STM32CubeIDE_1.13.2/STM32CubeIDE/plugins/com.st.stm32cube.ide.mcu.externaltools.gnu-tools-for-stm32.11.3.rel1.win32_1.1.1.202309131626/tools/bin/../lib/gcc/arm-none-eabi/11.3.1/../../../../arm-none-eabi/lib/thumb/v7e-m+fp/hard\libc_nano.a(libc_a-mprec.o)
                0x000000000800c194                __mdiff
 .text.__d2b    0x000000000800c2a8       0xb4 C:/ST/STM32CubeIDE_1.13.2/STM32CubeIDE/plugins/com.st.stm32cube.ide.mcu.externaltools.gnu-tools-for-stm32.11.3.rel1.win32_1.1.1.202309131626/tools/bin/../lib/gcc/arm-none-eabi/11.3.1/../../../../arm-none-eabi/lib/thumb/v7e-m+fp/hard\libc_nano.a(libc_a-mprec.o)
                0x000000000800c2a8                __d2b
 .text.__sflush_r
                0x000000000800c35c      0x10c C:/ST/STM32CubeIDE_1.13.2/STM32CubeIDE/plugins/com.st.stm32cube.ide.mcu.externaltools.gnu-tools-for-stm32.11.3.rel1.win32_1.1.1.202309131626/tools/bin/../lib/gcc/arm-none-eabi/11.3.1/../../../../arm-none-eabi/lib/thumb/v7e-m+fp/hard\libc_nano.a(libc_a-fflush.o)
                0x000000000800c35c                __sflush_r
 .text._fflush_r
                0x000000000800c468       0x50 C:/ST/STM32CubeIDE_1.13.2/STM32CubeIDE/plugins/com.st.stm32cube.ide.mcu.externaltools.gnu-tools-for-stm32.11.3.rel1.win32_1.1.1.202309131626/tools/bin/../lib/gcc/arm-none-eabi/11.3.1/../../../../arm-none-eabi/lib/thumb/v7e-m+fp/hard\libc_nano.a(libc_a-fflush.o)
                0x000000000800c468                _fflush_r
 .text.__assert_func
                0x000000000800c4b8       0x3c C:/ST/STM32CubeIDE_1.13.2/STM32CubeIDE/plugins/com.st.stm32cube.ide.mcu.externaltools.gnu-tools-for-stm32.11.3.rel1.win32_1.1.1.202309131626/tools/bin/../lib/gcc/arm-none-eabi/11.3.1/../../../../arm-none-eabi/lib/thumb/v7e-m+fp/hard\libc_nano.a(libc_a-assert.o)
                0x000000000800c4b8                __assert_func
 .text._calloc_r
                0x000000000800c4f4       0x2c C:/ST/STM32CubeIDE_1.13.2/STM32CubeIDE/plugins/com.st.stm32cube.ide.mcu.externaltools.gnu-tools-for-stm32.11.3.rel1.win32_1.1.1.202309131626/tools/bin/../lib/gcc/arm-none-eabi/11.3.1/../../../../arm-none-eabi/lib/thumb/v7e-m+fp/hard\libc_nano.a(libc_a-callocr.o)
                0x000000000800c4f4                _calloc_r
 .text.__ascii_mbtowc
                0x000000000800c520       0x24 C:/ST/STM32CubeIDE_1.13.2/STM32CubeIDE/plugins/com.st.stm32cube.ide.mcu.externaltools.gnu-tools-for-stm32.11.3.rel1.win32_1.1.1.202309131626/tools/bin/../lib/gcc/arm-none-eabi/11.3.1/../../../../arm-none-eabi/lib/thumb/v7e-m+fp/hard\libc_nano.a(libc_a-mbtowc_r.o)
                0x000000000800c520                __ascii_mbtowc
 .text.__ascii_wctomb
                0x000000000800c544       0x1a C:/ST/STM32CubeIDE_1.13.2/STM32CubeIDE/plugins/com.st.stm32cube.ide.mcu.externaltools.gnu-tools-for-stm32.11.3.rel1.win32_1.1.1.202309131626/tools/bin/../lib/gcc/arm-none-eabi/11.3.1/../../../../arm-none-eabi/lib/thumb/v7e-m+fp/hard\libc_nano.a(libc_a-wctomb_r.o)
                0x000000000800c544                __ascii_wctomb
 *fill*         0x000000000800c55e        0x2 
 .text.fprintf  0x000000000800c560       0x24 C:/ST/STM32CubeIDE_1.13.2/STM32CubeIDE/plugins/com.st.stm32cube.ide.mcu.externaltools.gnu-tools-for-stm32.11.3.rel1.win32_1.1.1.202309131626/tools/bin/../lib/gcc/arm-none-eabi/11.3.1/../../../../arm-none-eabi/lib/thumb/v7e-m+fp/hard\libc_nano.a(libc_a-fprintf.o)
                0x000000000800c560                fiprintf
                0x000000000800c560                fprintf
 .text.abort    0x000000000800c584        0xe C:/ST/STM32CubeIDE_1.13.2/STM32CubeIDE/plugins/com.st.stm32cube.ide.mcu.externaltools.gnu-tools-for-stm32.11.3.rel1.win32_1.1.1.202309131626/tools/bin/../lib/gcc/arm-none-eabi/11.3.1/../../../../arm-none-eabi/lib/thumb/v7e-m+fp/hard\libc_nano.a(libc_a-abort.o)
                0x000000000800c584                abort
 .text.__sfputc_r
                0x000000000800c592       0x2e C:/ST/STM32CubeIDE_1.13.2/STM32CubeIDE/plugins/com.st.stm32cube.ide.mcu.externaltools.gnu-tools-for-stm32.11.3.rel1.win32_1.1.1.202309131626/tools/bin/../lib/gcc/arm-none-eabi/11.3.1/../../../../arm-none-eabi/lib/thumb/v7e-m+fp/hard\libc_nano.a(libc_a-nano-vfprintf.o)
 .text.__sfputs_r
                0x000000000800c5c0       0x24 C:/ST/STM32CubeIDE_1.13.2/STM32CubeIDE/plugins/com.st.stm32cube.ide.mcu.externaltools.gnu-tools-for-stm32.11.3.rel1.win32_1.1.1.202309131626/tools/bin/../lib/gcc/arm-none-eabi/11.3.1/../../../../arm-none-eabi/lib/thumb/v7e-m+fp/hard\libc_nano.a(libc_a-nano-vfprintf.o)
                0x000000000800c5c0                __sfputs_r
 .text._vfprintf_r
                0x000000000800c5e4      0x234 C:/ST/STM32CubeIDE_1.13.2/STM32CubeIDE/plugins/com.st.stm32cube.ide.mcu.externaltools.gnu-tools-for-stm32.11.3.rel1.win32_1.1.1.202309131626/tools/bin/../lib/gcc/arm-none-eabi/11.3.1/../../../../arm-none-eabi/lib/thumb/v7e-m+fp/hard\libc_nano.a(libc_a-nano-vfprintf.o)
                0x000000000800c5e4                _vfprintf_r
                0x000000000800c5e4                _vfiprintf_r
 .text.__swbuf_r
                0x000000000800c818       0x7a C:/ST/STM32CubeIDE_1.13.2/STM32CubeIDE/plugins/com.st.stm32cube.ide.mcu.externaltools.gnu-tools-for-stm32.11.3.rel1.win32_1.1.1.202309131626/tools/bin/../lib/gcc/arm-none-eabi/11.3.1/../../../../arm-none-eabi/lib/thumb/v7e-m+fp/hard\libc_nano.a(libc_a-wbuf.o)
                0x000000000800c818                __swbuf_r
 *fill*         0x000000000800c892        0x2 
 .text.__swsetup_r
                0x000000000800c894       0xb0 C:/ST/STM32CubeIDE_1.13.2/STM32CubeIDE/plugins/com.st.stm32cube.ide.mcu.externaltools.gnu-tools-for-stm32.11.3.rel1.win32_1.1.1.202309131626/tools/bin/../lib/gcc/arm-none-eabi/11.3.1/../../../../arm-none-eabi/lib/thumb/v7e-m+fp/hard\libc_nano.a(libc_a-wsetup.o)
                0x000000000800c894                __swsetup_r
 .text._raise_r
                0x000000000800c944       0x50 C:/ST/STM32CubeIDE_1.13.2/STM32CubeIDE/plugins/com.st.stm32cube.ide.mcu.externaltools.gnu-tools-for-stm32.11.3.rel1.win32_1.1.1.202309131626/tools/bin/../lib/gcc/arm-none-eabi/11.3.1/../../../../arm-none-eabi/lib/thumb/v7e-m+fp/hard\libc_nano.a(libc_a-signal.o)
                0x000000000800c944                _raise_r
 .text.raise    0x000000000800c994       0x10 C:/ST/STM32CubeIDE_1.13.2/STM32CubeIDE/plugins/com.st.stm32cube.ide.mcu.externaltools.gnu-tools-for-stm32.11.3.rel1.win32_1.1.1.202309131626/tools/bin/../lib/gcc/arm-none-eabi/11.3.1/../../../../arm-none-eabi/lib/thumb/v7e-m+fp/hard\libc_nano.a(libc_a-signal.o)
                0x000000000800c994                raise
 .text._kill_r  0x000000000800c9a4       0x24 C:/ST/STM32CubeIDE_1.13.2/STM32CubeIDE/plugins/com.st.stm32cube.ide.mcu.externaltools.gnu-tools-for-stm32.11.3.rel1.win32_1.1.1.202309131626/tools/bin/../lib/gcc/arm-none-eabi/11.3.1/../../../../arm-none-eabi/lib/thumb/v7e-m+fp/hard\libc_nano.a(libc_a-signalr.o)
                0x000000000800c9a4                _kill_r
 .text._getpid_r
                0x000000000800c9c8        0x4 C:/ST/STM32CubeIDE_1.13.2/STM32CubeIDE/plugins/com.st.stm32cube.ide.mcu.externaltools.gnu-tools-for-stm32.11.3.rel1.win32_1.1.1.202309131626/tools/bin/../lib/gcc/arm-none-eabi/11.3.1/../../../../arm-none-eabi/lib/thumb/v7e-m+fp/hard\libc_nano.a(libc_a-signalr.o)
                0x000000000800c9c8                _getpid_r
 .text.__swhatbuf_r
                0x000000000800c9cc       0x4c C:/ST/STM32CubeIDE_1.13.2/STM32CubeIDE/plugins/com.st.stm32cube.ide.mcu.externaltools.gnu-tools-for-stm32.11.3.rel1.win32_1.1.1.202309131626/tools/bin/../lib/gcc/arm-none-eabi/11.3.1/../../../../arm-none-eabi/lib/thumb/v7e-m+fp/hard\libc_nano.a(libc_a-makebuf.o)
                0x000000000800c9cc                __swhatbuf_r
 .text.__smakebuf_r
                0x000000000800ca18       0x78 C:/ST/STM32CubeIDE_1.13.2/STM32CubeIDE/plugins/com.st.stm32cube.ide.mcu.externaltools.gnu-tools-for-stm32.11.3.rel1.win32_1.1.1.202309131626/tools/bin/../lib/gcc/arm-none-eabi/11.3.1/../../../../arm-none-eabi/lib/thumb/v7e-m+fp/hard\libc_nano.a(libc_a-makebuf.o)
                0x000000000800ca18                __smakebuf_r
 .text._fstat_r
                0x000000000800ca90       0x24 C:/ST/STM32CubeIDE_1.13.2/STM32CubeIDE/plugins/com.st.stm32cube.ide.mcu.externaltools.gnu-tools-for-stm32.11.3.rel1.win32_1.1.1.202309131626/tools/bin/../lib/gcc/arm-none-eabi/11.3.1/../../../../arm-none-eabi/lib/thumb/v7e-m+fp/hard\libc_nano.a(libc_a-fstatr.o)
                0x000000000800ca90                _fstat_r
 .text._isatty_r
                0x000000000800cab4       0x20 C:/ST/STM32CubeIDE_1.13.2/STM32CubeIDE/plugins/com.st.stm32cube.ide.mcu.externaltools.gnu-tools-for-stm32.11.3.rel1.win32_1.1.1.202309131626/tools/bin/../lib/gcc/arm-none-eabi/11.3.1/../../../../arm-none-eabi/lib/thumb/v7e-m+fp/hard\libc_nano.a(libc_a-isattyr.o)
                0x000000000800cab4                _isatty_r
 .text._close   0x000000000800cad4       0x10 C:/ST/STM32CubeIDE_1.13.2/STM32CubeIDE/plugins/com.st.stm32cube.ide.mcu.externaltools.gnu-tools-for-stm32.11.3.rel1.win32_1.1.1.202309131626/tools/bin/../lib/gcc/arm-none-eabi/11.3.1/../../../../arm-none-eabi/lib/thumb/v7e-m+fp/hard\libnosys.a(close.o)
                0x000000000800cad4                _close
 .text._fstat   0x000000000800cae4       0x10 C:/ST/STM32CubeIDE_1.13.2/STM32CubeIDE/plugins/com.st.stm32cube.ide.mcu.externaltools.gnu-tools-for-stm32.11.3.rel1.win32_1.1.1.202309131626/tools/bin/../lib/gcc/arm-none-eabi/11.3.1/../../../../arm-none-eabi/lib/thumb/v7e-m+fp/hard\libnosys.a(fstat.o)
                0x000000000800cae4                _fstat
 .text._getpid  0x000000000800caf4       0x10 C:/ST/STM32CubeIDE_1.13.2/STM32CubeIDE/plugins/com.st.stm32cube.ide.mcu.externaltools.gnu-tools-for-stm32.11.3.rel1.win32_1.1.1.202309131626/tools/bin/../lib/gcc/arm-none-eabi/11.3.1/../../../../arm-none-eabi/lib/thumb/v7e-m+fp/hard\libnosys.a(getpid.o)
                0x000000000800caf4                _getpid
 .text._isatty  0x000000000800cb04       0x10 C:/ST/STM32CubeIDE_1.13.2/STM32CubeIDE/plugins/com.st.stm32cube.ide.mcu.externaltools.gnu-tools-for-stm32.11.3.rel1.win32_1.1.1.202309131626/tools/bin/../lib/gcc/arm-none-eabi/11.3.1/../../../../arm-none-eabi/lib/thumb/v7e-m+fp/hard\libnosys.a(isatty.o)
                0x000000000800cb04                _isatty
 .text._kill    0x000000000800cb14       0x10 C:/ST/STM32CubeIDE_1.13.2/STM32CubeIDE/plugins/com.st.stm32cube.ide.mcu.externaltools.gnu-tools-for-stm32.11.3.rel1.win32_1.1.1.202309131626/tools/bin/../lib/gcc/arm-none-eabi/11.3.1/../../../../arm-none-eabi/lib/thumb/v7e-m+fp/hard\libnosys.a(kill.o)
                0x000000000800cb14                _kill
 .text._lseek   0x000000000800cb24       0x10 C:/ST/STM32CubeIDE_1.13.2/STM32CubeIDE/plugins/com.st.stm32cube.ide.mcu.externaltools.gnu-tools-for-stm32.11.3.rel1.win32_1.1.1.202309131626/tools/bin/../lib/gcc/arm-none-eabi/11.3.1/../../../../arm-none-eabi/lib/thumb/v7e-m+fp/hard\libnosys.a(lseek.o)
                0x000000000800cb24                _lseek
 .text._read    0x000000000800cb34       0x10 C:/ST/STM32CubeIDE_1.13.2/STM32CubeIDE/plugins/com.st.stm32cube.ide.mcu.externaltools.gnu-tools-for-stm32.11.3.rel1.win32_1.1.1.202309131626/tools/bin/../lib/gcc/arm-none-eabi/11.3.1/../../../../arm-none-eabi/lib/thumb/v7e-m+fp/hard\libnosys.a(read.o)
                0x000000000800cb34                _read
 .text._exit    0x000000000800cb44        0x2 C:/ST/STM32CubeIDE_1.13.2/STM32CubeIDE/plugins/com.st.stm32cube.ide.mcu.externaltools.gnu-tools-for-stm32.11.3.rel1.win32_1.1.1.202309131626/tools/bin/../lib/gcc/arm-none-eabi/11.3.1/../../../../arm-none-eabi/lib/thumb/v7e-m+fp/hard\libnosys.a(_exit.o)
                0x000000000800cb44                _exit
 *(.glue_7)
 .glue_7        0x000000000800cb46        0x0 linker stubs
 *(.glue_7t)
 .glue_7t       0x000000000800cb46        0x0 linker stubs
 *(.eh_frame)
 *fill*         0x000000000800cb46        0x2 
 .eh_frame      0x000000000800cb48        0x0 C:/ST/STM32CubeIDE_1.13.2/STM32CubeIDE/plugins/com.st.stm32cube.ide.mcu.externaltools.gnu-tools-for-stm32.11.3.rel1.win32_1.1.1.202309131626/tools/bin/../lib/gcc/arm-none-eabi/11.3.1/thumb/v7e-m+fp/hard/crtbegin.o
 *(.init)
 .init          0x000000000800cb48        0x4 C:/ST/STM32CubeIDE_1.13.2/STM32CubeIDE/plugins/com.st.stm32cube.ide.mcu.externaltools.gnu-tools-for-stm32.11.3.rel1.win32_1.1.1.202309131626/tools/bin/../lib/gcc/arm-none-eabi/11.3.1/thumb/v7e-m+fp/hard/crti.o
                0x000000000800cb48                _init
 .init          0x000000000800cb4c        0x8 C:/ST/STM32CubeIDE_1.13.2/STM32CubeIDE/plugins/com.st.stm32cube.ide.mcu.externaltools.gnu-tools-for-stm32.11.3.rel1.win32_1.1.1.202309131626/tools/bin/../lib/gcc/arm-none-eabi/11.3.1/thumb/v7e-m+fp/hard/crtn.o
 *(.fini)
 .fini          0x000000000800cb54        0x4 C:/ST/STM32CubeIDE_1.13.2/STM32CubeIDE/plugins/com.st.stm32cube.ide.mcu.externaltools.gnu-tools-for-stm32.11.3.rel1.win32_1.1.1.202309131626/tools/bin/../lib/gcc/arm-none-eabi/11.3.1/thumb/v7e-m+fp/hard/crti.o
                0x000000000800cb54                _fini
 .fini          0x000000000800cb58        0x8 C:/ST/STM32CubeIDE_1.13.2/STM32CubeIDE/plugins/com.st.stm32cube.ide.mcu.externaltools.gnu-tools-for-stm32.11.3.rel1.win32_1.1.1.202309131626/tools/bin/../lib/gcc/arm-none-eabi/11.3.1/thumb/v7e-m+fp/hard/crtn.o
                0x000000000800cb60                . = ALIGN (0x4)
                0x000000000800cb60                _etext = .

.vfp11_veneer   0x000000000800cb60        0x0
 .vfp11_veneer  0x000000000800cb60        0x0 linker stubs

.v4_bx          0x000000000800cb60        0x0
 .v4_bx         0x000000000800cb60        0x0 linker stubs

.iplt           0x000000000800cb60        0x0
 .iplt          0x000000000800cb60        0x0 C:/ST/STM32CubeIDE_1.13.2/STM32CubeIDE/plugins/com.st.stm32cube.ide.mcu.externaltools.gnu-tools-for-stm32.11.3.rel1.win32_1.1.1.202309131626/tools/bin/../lib/gcc/arm-none-eabi/11.3.1/thumb/v7e-m+fp/hard/crtbegin.o

.rodata         0x000000000800cb60     0x1924
                0x000000000800cb60                . = ALIGN (0x4)
 *(.rodata)
 .rodata        0x000000000800cb60      0x274 ./Src/aiTestHelper.o
 .rodata        0x000000000800cdd4      0x18d ./Src/aiTestUtility.o
 .rodata        0x000000000800cf61      0x30f ./Src/aiValidation.o
 .rodata        0x000000000800d270       0x10 ./Src/network_data.o
 .rodata        0x000000000800d280       0x10 ../Middlewares/ST/AI/Lib\NetworkRuntime810_CM4_GCC.a(ai_platform_interface.o)
 *(.rodata*)
 .rodata.aPLLMULFactorTable
                0x000000000800d290       0x10 ./Drivers/STM32F3xx_HAL_Driver/Src/stm32f3xx_hal_rcc.o
 .rodata.aPredivFactorTable
                0x000000000800d2a0       0x10 ./Drivers/STM32F3xx_HAL_Driver/Src/stm32f3xx_hal_rcc.o
 .rodata.CSWTCH.53
                0x000000000800d2b0        0x3 ./Drivers/STM32F3xx_HAL_Driver/Src/stm32f3xx_hal_uart.o
 .rodata.aiPbStrCopy.str1.1
                0x000000000800d2b3        0xa ./Src/aiPbMgr.o
 *fill*         0x000000000800d2bd        0x3 
 .rodata.CSWTCH.8
                0x000000000800d2c0       0x94 ./Src/aiTestUtility.o
 .rodata.__func__.0
                0x000000000800d354       0x14 ./Src/aiValidation.o
 .rodata.ai_mnetwork_is_valid.constprop.0.str1.1
                0x000000000800d368        0x8 ./Src/app_x-cube-ai.o
 .rodata.networks
                0x000000000800d370       0x2c ./Src/app_x-cube-ai.o
 .rodata.vlc_print.str1.1
                0x000000000800d39c        0x7 ./Src/lc_print.o
 .rodata.ai_network_get_info.str1.1
                0x000000000800d3a3       0x4f ./Src/network.o
                                         0x58 (size before relaxing)
 *fill*         0x000000000800d3f2        0x2 
 .rodata.__compound_literal.0
                0x000000000800d3f4        0x4 ./Src/network.o
 .rodata.__compound_literal.1
                0x000000000800d3f8        0x1 ./Src/network.o
 .rodata.__compound_literal.10
                0x000000000800d3f9        0x1 ./Src/network.o
 *fill*         0x000000000800d3fa        0x2 
 .rodata.__compound_literal.11
                0x000000000800d3fc        0x8 ./Src/network.o
 .rodata.__compound_literal.12
                0x000000000800d404        0x4 ./Src/network.o
 .rodata.__compound_literal.13
                0x000000000800d408        0x1 ./Src/network.o
 *fill*         0x000000000800d409        0x3 
 .rodata.__compound_literal.14
                0x000000000800d40c        0x8 ./Src/network.o
 .rodata.__compound_literal.15
                0x000000000800d414        0xc ./Src/network.o
 .rodata.__compound_literal.16
                0x000000000800d420        0x3 ./Src/network.o
 *fill*         0x000000000800d423        0x1 
 .rodata.__compound_literal.17
                0x000000000800d424        0x8 ./Src/network.o
 .rodata.__compound_literal.18
                0x000000000800d42c        0x4 ./Src/network.o
 .rodata.__compound_literal.19
                0x000000000800d430        0x1 ./Src/network.o
 *fill*         0x000000000800d431        0x3 
 .rodata.__compound_literal.2
                0x000000000800d434        0x8 ./Src/network.o
 .rodata.__compound_literal.20
                0x000000000800d43c        0x8 ./Src/network.o
 .rodata.__compound_literal.3
                0x000000000800d444        0x4 ./Src/network.o
 .rodata.__compound_literal.4
                0x000000000800d448        0x1 ./Src/network.o
 *fill*         0x000000000800d449        0x3 
 .rodata.__compound_literal.5
                0x000000000800d44c        0x8 ./Src/network.o
 .rodata.__compound_literal.6
                0x000000000800d454        0x4 ./Src/network.o
 .rodata.__compound_literal.7
                0x000000000800d458        0x1 ./Src/network.o
 *fill*         0x000000000800d459        0x3 
 .rodata.__compound_literal.8
                0x000000000800d45c        0x8 ./Src/network.o
 .rodata.__compound_literal.9
                0x000000000800d464        0x4 ./Src/network.o
 .rodata.conv2d_1_chain
                0x000000000800d468        0x8 ./Src/network.o
 .rodata.conv2d_1_output_array_intq
                0x000000000800d470        0x8 ./Src/network.o
 .rodata.conv2d_1_weights_array_intq
                0x000000000800d478        0x8 ./Src/network.o
 .rodata.gemm_3_chain
                0x000000000800d480        0x8 ./Src/network.o
 .rodata.gemm_3_output_array_intq
                0x000000000800d488        0x8 ./Src/network.o
 .rodata.gemm_3_weights_array_intq
                0x000000000800d490        0x8 ./Src/network.o
 .rodata.gemm_4_chain
                0x000000000800d498        0x8 ./Src/network.o
 .rodata.gemm_4_output_array_intq
                0x000000000800d4a0        0x8 ./Src/network.o
 .rodata.gemm_4_weights_array_intq